../Core/Inc/CliCommand.h:17:2:CliCommand::CliCommand()	16	static
../Core/Inc/CliCommand.h:18:10:CliCommand::~CliCommand()	16	static
../Core/Inc/CliCommand.h:18:10:virtual CliCommand::~CliCommand()	16	static
../Core/Src/CLI.cpp:30:1:CLI::CLI()	16	static
../Core/Src/CLI.cpp:34:1:CLI::~CLI()	16	static
../Core/Src/CLI.cpp:34:1:virtual CLI::~CLI()	16	static
../Core/Src/CLI.cpp:43:2:BuzOnCmd::BuzOnCmd(BUZ*)	16	static
../Core/Src/CLI.cpp:44:7:virtual void BuzOnCmd::doCommand(const char*)	16	static
../Core/Src/CLI.cpp:52:2:BuzOffCmd::BuzOffCmd(BUZ*)	16	static
../Core/Src/CLI.cpp:53:7:virtual void BuzOffCmd::doCommand(const char*)	16	static
../Core/Src/CLI.cpp:62:2:LedOnCmd::LedOnCmd(LED*)	16	static
../Core/Src/CLI.cpp:63:7:virtual void LedOnCmd::doCommand(const char*)	16	static
../Core/Src/CLI.cpp:72:2:LedOffCmd::LedOffCmd(LED*)	16	static
../Core/Src/CLI.cpp:73:7:virtual void LedOffCmd::doCommand(const char*)	16	static
../Core/Src/CLI.cpp:81:2:LedBlinkCmd::LedBlinkCmd(LED*)	16	static
../Core/Src/CLI.cpp:82:7:virtual void LedBlinkCmd::doCommand(const char*)	16	static
../Core/Src/CLI.cpp:91:2:LedStopBlinkCmd::LedStopBlinkCmd(LED*)	16	static
../Core/Src/CLI.cpp:92:7:virtual void LedStopBlinkCmd::doCommand(const char*)	16	static
../Core/Src/CLI.cpp:102:2:TempCmd::TempCmd(DHT*)	16	static
../Core/Src/CLI.cpp:103:7:virtual void TempCmd::doCommand(const char*)	16	static
../Core/Src/CLI.cpp:112:2:SetWarningCmd::SetWarningCmd(Flash*)	16	static
../Core/Src/CLI.cpp:113:7:virtual void SetWarningCmd::doCommand(const char*)	24	static
../Core/Src/CLI.cpp:123:2:SetCriticalCmd::SetCriticalCmd(Flash*)	16	static
../Core/Src/CLI.cpp:124:7:virtual void SetCriticalCmd::doCommand(const char*)	24	static
../Core/Src/CLI.cpp:134:2:PrintThresholdsCmd::PrintThresholdsCmd(Flash*)	16	static
../Core/Src/CLI.cpp:135:7:virtual void PrintThresholdsCmd::doCommand(const char*)	16	static
../Core/Src/CLI.cpp:141:6:void printRecords()	16	static
../Core/Src/CLI.cpp:156:7:virtual void PrintLogCmd::doCommand(const char*)	16	static
../Core/Src/CLI.cpp:162:6:void clearRecords()	16	static
../Core/Src/CLI.cpp:177:7:virtual void ClearLogCmd::doCommand(const char*)	16	static
../Core/Src/CLI.cpp:187:2:HelpCmd::HelpCmd(CLI*)	16	static
../Core/Src/CLI.cpp:188:7:virtual void HelpCmd::doCommand(const char*)	16	static
../Core/Src/CLI.cpp:192:6:void CLI::registerCommand(const char*, CliCommand*)	24	static
../Core/Src/CLI.cpp:203:6:void CLI::performCommand(char*, char*)	32	static
../Core/Src/CLI.cpp:212:6:void CLI::printCommands()	24	static
../Core/Src/CLI.cpp:153:7:PrintLogCmd::PrintLogCmd()	16	static
../Core/Src/CLI.cpp:174:7:ClearLogCmd::ClearLogCmd()	16	static
../Core/Src/CLI.cpp:223:6:void CLI::CliInit()	24	static
../Core/Src/CLI.cpp:183:7:HelpCmd::~HelpCmd()	16	static
../Core/Src/CLI.cpp:183:7:virtual HelpCmd::~HelpCmd()	16	static
../Core/Src/CLI.cpp:174:7:ClearLogCmd::~ClearLogCmd()	16	static
../Core/Src/CLI.cpp:174:7:virtual ClearLogCmd::~ClearLogCmd()	16	static
../Core/Src/CLI.cpp:153:7:PrintLogCmd::~PrintLogCmd()	16	static
../Core/Src/CLI.cpp:153:7:virtual PrintLogCmd::~PrintLogCmd()	16	static
../Core/Src/CLI.cpp:130:7:PrintThresholdsCmd::~PrintThresholdsCmd()	16	static
../Core/Src/CLI.cpp:130:7:virtual PrintThresholdsCmd::~PrintThresholdsCmd()	16	static
../Core/Src/CLI.cpp:119:7:SetCriticalCmd::~SetCriticalCmd()	16	static
../Core/Src/CLI.cpp:119:7:virtual SetCriticalCmd::~SetCriticalCmd()	16	static
../Core/Src/CLI.cpp:108:7:SetWarningCmd::~SetWarningCmd()	16	static
../Core/Src/CLI.cpp:108:7:virtual SetWarningCmd::~SetWarningCmd()	16	static
../Core/Src/CLI.cpp:98:7:TempCmd::~TempCmd()	16	static
../Core/Src/CLI.cpp:98:7:virtual TempCmd::~TempCmd()	16	static
../Core/Src/CLI.cpp:87:7:LedStopBlinkCmd::~LedStopBlinkCmd()	16	static
../Core/Src/CLI.cpp:87:7:virtual LedStopBlinkCmd::~LedStopBlinkCmd()	16	static
../Core/Src/CLI.cpp:77:7:LedBlinkCmd::~LedBlinkCmd()	16	static
../Core/Src/CLI.cpp:77:7:virtual LedBlinkCmd::~LedBlinkCmd()	16	static
../Core/Src/CLI.cpp:68:7:LedOffCmd::~LedOffCmd()	16	static
../Core/Src/CLI.cpp:68:7:virtual LedOffCmd::~LedOffCmd()	16	static
../Core/Src/CLI.cpp:58:7:LedOnCmd::~LedOnCmd()	16	static
../Core/Src/CLI.cpp:58:7:virtual LedOnCmd::~LedOnCmd()	16	static
../Core/Src/CLI.cpp:48:7:BuzOffCmd::~BuzOffCmd()	16	static
../Core/Src/CLI.cpp:48:7:virtual BuzOffCmd::~BuzOffCmd()	16	static
../Core/Src/CLI.cpp:39:7:BuzOnCmd::~BuzOnCmd()	16	static
../Core/Src/CLI.cpp:39:7:virtual BuzOnCmd::~BuzOnCmd()	16	static
