../Core/Src/CLI.cpp:31:1:CLI::CLI()	16	static
../Core/Src/CLI.cpp:35:1:CLI::~CLI()	16	static
../Core/Src/CLI.cpp:35:1:virtual CLI::~CLI()	16	static
../Core/Src/CLI.cpp:44:2:BuzOnCmd::BuzOnCmd(BUZ*)	16	static
../Core/Src/CLI.cpp:45:7:virtual void BuzOnCmd::doCommand(const char*)	16	static
../Core/Src/CLI.cpp:53:2:BuzOffCmd::BuzOffCmd(BUZ*)	16	static
../Core/Src/CLI.cpp:54:7:virtual void BuzOffCmd::doCommand(const char*)	16	static
../Core/Src/CLI.cpp:63:2:LedOnCmd::LedOnCmd(LED*)	16	static
../Core/Src/CLI.cpp:64:7:virtual void LedOnCmd::doCommand(const char*)	16	static
../Core/Src/CLI.cpp:73:2:LedOffCmd::LedOffCmd(LED*)	16	static
../Core/Src/CLI.cpp:74:7:virtual void LedOffCmd::doCommand(const char*)	16	static
../Core/Src/CLI.cpp:82:2:LedBlinkCmd::LedBlinkCmd(LED*)	16	static
../Core/Src/CLI.cpp:83:7:virtual void LedBlinkCmd::doCommand(const char*)	16	static
../Core/Src/CLI.cpp:92:2:LedStopBlinkCmd::LedStopBlinkCmd(LED*)	16	static
../Core/Src/CLI.cpp:93:7:virtual void LedStopBlinkCmd::doCommand(const char*)	16	static
../Core/Src/CLI.cpp:103:2:TempCmd::TempCmd(DHT*)	16	static
../Core/Src/CLI.cpp:104:7:virtual void TempCmd::doCommand(const char*)	16	static
../Core/Src/CLI.cpp:113:2:SetWarningCmd::SetWarningCmd(Flash*)	16	static
../Core/Src/CLI.cpp:114:7:virtual void SetWarningCmd::doCommand(const char*)	24	static
../Core/Src/CLI.cpp:124:2:SetCriticalCmd::SetCriticalCmd(Flash*)	16	static
../Core/Src/CLI.cpp:125:7:virtual void SetCriticalCmd::doCommand(const char*)	24	static
../Core/Src/CLI.cpp:135:2:PrintThresholdsCmd::PrintThresholdsCmd(Flash*)	16	static
../Core/Src/CLI.cpp:136:7:virtual void PrintThresholdsCmd::doCommand(const char*)	16	static
../Core/Src/CLI.cpp:142:6:void printRecords()	16	static
../Core/Src/CLI.cpp:157:7:virtual void PrintLogCmd::doCommand(const char*)	16	static
../Core/Src/CLI.cpp:163:6:void clearRecords()	16	static
../Core/Src/CLI.cpp:178:7:virtual void ClearLogCmd::doCommand(const char*)	16	static
../Core/Src/CLI.cpp:188:2:HelpCmd::HelpCmd(CLI*)	16	static
../Core/Src/CLI.cpp:189:7:virtual void HelpCmd::doCommand(const char*)	16	static
../Core/Src/CLI.cpp:193:6:void CLI::registerCommand(const char*, CliCommand*)	24	static
../Core/Src/CLI.cpp:204:6:void CLI::performCommand(char*, char*)	32	static
../Core/Src/CLI.cpp:213:6:void CLI::printCommands()	24	static
../Core/Src/CLI.cpp:154:7:PrintLogCmd::PrintLogCmd()	16	static
../Core/Src/CLI.cpp:175:7:ClearLogCmd::ClearLogCmd()	16	static
../Core/Src/CLI.cpp:224:6:void CLI::CliInit()	24	static
../Core/Src/CLI.cpp:184:7:HelpCmd::~HelpCmd()	16	static
../Core/Src/CLI.cpp:184:7:virtual HelpCmd::~HelpCmd()	16	static
../Core/Src/CLI.cpp:175:7:ClearLogCmd::~ClearLogCmd()	16	static
../Core/Src/CLI.cpp:175:7:virtual ClearLogCmd::~ClearLogCmd()	16	static
../Core/Src/CLI.cpp:154:7:PrintLogCmd::~PrintLogCmd()	16	static
../Core/Src/CLI.cpp:154:7:virtual PrintLogCmd::~PrintLogCmd()	16	static
../Core/Src/CLI.cpp:131:7:PrintThresholdsCmd::~PrintThresholdsCmd()	16	static
../Core/Src/CLI.cpp:131:7:virtual PrintThresholdsCmd::~PrintThresholdsCmd()	16	static
../Core/Src/CLI.cpp:120:7:SetCriticalCmd::~SetCriticalCmd()	16	static
../Core/Src/CLI.cpp:120:7:virtual SetCriticalCmd::~SetCriticalCmd()	16	static
../Core/Src/CLI.cpp:109:7:SetWarningCmd::~SetWarningCmd()	16	static
../Core/Src/CLI.cpp:109:7:virtual SetWarningCmd::~SetWarningCmd()	16	static
../Core/Src/CLI.cpp:99:7:TempCmd::~TempCmd()	16	static
../Core/Src/CLI.cpp:99:7:virtual TempCmd::~TempCmd()	16	static
../Core/Src/CLI.cpp:88:7:LedStopBlinkCmd::~LedStopBlinkCmd()	16	static
../Core/Src/CLI.cpp:88:7:virtual LedStopBlinkCmd::~LedStopBlinkCmd()	16	static
../Core/Src/CLI.cpp:78:7:LedBlinkCmd::~LedBlinkCmd()	16	static
../Core/Src/CLI.cpp:78:7:virtual LedBlinkCmd::~LedBlinkCmd()	16	static
../Core/Src/CLI.cpp:69:7:LedOffCmd::~LedOffCmd()	16	static
../Core/Src/CLI.cpp:69:7:virtual LedOffCmd::~LedOffCmd()	16	static
../Core/Src/CLI.cpp:59:7:LedOnCmd::~LedOnCmd()	16	static
../Core/Src/CLI.cpp:59:7:virtual LedOnCmd::~LedOnCmd()	16	static
../Core/Src/CLI.cpp:49:7:BuzOffCmd::~BuzOffCmd()	16	static
../Core/Src/CLI.cpp:49:7:virtual BuzOffCmd::~BuzOffCmd()	16	static
../Core/Src/CLI.cpp:40:7:BuzOnCmd::~BuzOnCmd()	16	static
../Core/Src/CLI.cpp:40:7:virtual BuzOnCmd::~BuzOnCmd()	16	static
