../Core/Src/DHT.cpp:21:1:DHT::DHT()	16	static
../Core/Src/DHT.cpp:25:1:DHT::~DHT()	16	static
../Core/Src/DHT.cpp:25:1:virtual DHT::~DHT()	16	static
../Core/Src/DHT.cpp:28:1:DHT::DHT(GPIO_TypeDef*, uint16_t)	24	static
../Core/Src/DHT.cpp:36:5:int DHT::calculateTemp(int)	40	static
../Core/Src/DHT.cpp:46:6:void DHT::wait(uint32_t)	24	static
../Core/Src/DHT.cpp:57:5:int DHT::calculateTime(uint32_t)	16	static
../Core/Src/DHT.cpp:61:6:void DHT::startCommunication()	24	static
../Core/Src/DHT.cpp:107:6:void DHT::dataTransmission()	24	static
../Core/Src/DHT.cpp:131:6:void DHT::DHT_main()	16	static
../Core/Src/DHT.cpp:139:6:void DHT::printTheTemprature()	24	static
../Core/Src/DHT.cpp:163:6:void DHT::Dht_read()	24	static
c:\st\stm32cubeide_1.9.0\stm32cubeide\plugins\com.st.stm32cube.ide.mcu.externaltools.gnu-tools-for-stm32.10.3-2021.10.win32_1.0.0.202111181127\tools\arm-none-eabi\include\c++\10.3.1\cmath:415:5:constexpr typename __gnu_cxx::__promote_2<_Tp, _Up>::__type std::pow(_Tp, _Up) [with _Tp = int; _Up = int]	24	static
