../Core/Src/main.c:132:5:_write	24	static
../Core/Src/main.c:142:5:main	8	static
../Core/Src/main.c:261:6:SystemClock_Config	96	static
../Core/Src/main.c:311:13:MX_I2C1_Init	8	static
../Core/Src/main.c:359:13:MX_SPI1_Init	8	static
../Core/Src/main.c:399:13:MX_TIM3_Init	48	static
../Core/Src/main.c:448:13:MX_TIM6_Init	24	static
../Core/Src/main.c:486:13:MX_TIM7_Init	24	static
../Core/Src/main.c:524:13:MX_USART2_UART_Init	8	static
../Core/Src/main.c:559:13:MX_GPIO_Init	48	static
../Core/Src/main.c:636:6:StartDefaultTask	16	static
../Core/Src/main.c:654:13:StartTask02	16	static
../Core/Src/main.c:684:13:StartTask03	16	static
../Core/Src/main.c:709:13:StartTask04	16	static
../Core/Src/main.c:736:13:StartTask05	16	static
../Core/Src/main.c:764:6:StartTask06	16	static
../Core/Src/main.c:792:6:StartTask07	16	static
../Core/Src/main.c:808:6:Error_Handler	4	static,ignoring_inline_asm
