../Core/Inc/LED.h:32:12:LED_STATE LED::getState()	16	static
../Core/Inc/Button.h:23:16:GPIO_TypeDef* Button::getGpio()	16	static
../Core/Inc/Button.h:24:11:uint16_t Button::getPin()	16	static
../Core/Inc/DHT.h:51:9:double DHT::getTemp()	16	static
../Core/Inc/Flash.h:37:2:Flash::Flash(uint32_t, uint32_t, uint32_t, uint32_t)	24	static
../Core/Inc/Flash.h:52:6:int Flash::getWarning()	16	static
../Core/Inc/Flash.h:53:6:int Flash::getCritical()	16	static
../Core/Inc/Rtc.h:23:2:Rtc::Rtc(I2C_HandleTypeDef*, uint8_t)	24	static
../Core/Inc/Manager.h:28:2:Manager::Manager(SYSTEM_STATE)	16	static
../Core/Inc/Manager.h:33:15:SYSTEM_STATE Manager::getState()	16	static
../Core/Inc/Manager.h:34:7:void Manager::setState(SYSTEM_STATE)	16	static
../Core/Inc/SdCard.h:27:8:char* SdCard::getFileName()	16	static
../Core/Inc/SdCard.h:28:8:char* SdCard::getErrorFileName()	16	static
../Core/Src/MyMain.cpp:55:6:void updateLogBuffer()	80	static
../Core/Src/MyMain.cpp:82:6:void my_main()	16	static
../Core/Src/MyMain.cpp:107:6:void dhtTask()	8	static
../Core/Src/MyMain.cpp:113:6:void mainTask()	216	static
../Core/Src/MyMain.cpp:195:6:void LogWriteTask()	16	static
../Core/Src/MyMain.cpp:207:6:void LedTask()	8	static
../Core/Src/MyMain.cpp:214:6:void HAL_GPIO_EXTI_Callback(uint16_t)	24	static
../Core/Src/MyMain.cpp:225:1:void __static_initialization_and_destruction_0(int, int)	24	static
../Core/Src/MyMain.cpp:225:1:cpp)	8	static
../Core/Src/MyMain.cpp:225:1:cpp)	8	static
