Archive member included to satisfy reference by file (symbol)

c:/st/stm32cubeide_1.9.0/stm32cubeide/plugins/com.st.stm32cube.ide.mcu.externaltools.gnu-tools-for-stm32.10.3-2021.10.win32_1.0.0.202111181127/tools/bin/../lib/gcc/arm-none-eabi/10.3.1/../../../../arm-none-eabi/lib/thumb/v7e-m+fp/hard\libstdc++_nano.a(del_ops.o)
                              ./Core/Src/BUZ.o (operator delete(void*, unsigned int))
c:/st/stm32cubeide_1.9.0/stm32cubeide/plugins/com.st.stm32cube.ide.mcu.externaltools.gnu-tools-for-stm32.10.3-2021.10.win32_1.0.0.202111181127/tools/bin/../lib/gcc/arm-none-eabi/10.3.1/../../../../arm-none-eabi/lib/thumb/v7e-m+fp/hard\libstdc++_nano.a(new_op.o)
                              ./Core/Src/CLI.o (operator new(unsigned int))
c:/st/stm32cubeide_1.9.0/stm32cubeide/plugins/com.st.stm32cube.ide.mcu.externaltools.gnu-tools-for-stm32.10.3-2021.10.win32_1.0.0.202111181127/tools/bin/../lib/gcc/arm-none-eabi/10.3.1/../../../../arm-none-eabi/lib/thumb/v7e-m+fp/hard\libstdc++_nano.a(pure.o)
                              ./Core/Src/CLI.o (__cxa_pure_virtual)
c:/st/stm32cubeide_1.9.0/stm32cubeide/plugins/com.st.stm32cube.ide.mcu.externaltools.gnu-tools-for-stm32.10.3-2021.10.win32_1.0.0.202111181127/tools/bin/../lib/gcc/arm-none-eabi/10.3.1/../../../../arm-none-eabi/lib/thumb/v7e-m+fp/hard\libstdc++_nano.a(del_op.o)
                              c:/st/stm32cubeide_1.9.0/stm32cubeide/plugins/com.st.stm32cube.ide.mcu.externaltools.gnu-tools-for-stm32.10.3-2021.10.win32_1.0.0.202111181127/tools/bin/../lib/gcc/arm-none-eabi/10.3.1/../../../../arm-none-eabi/lib/thumb/v7e-m+fp/hard\libstdc++_nano.a(del_ops.o) (operator delete(void*))
c:/st/stm32cubeide_1.9.0/stm32cubeide/plugins/com.st.stm32cube.ide.mcu.externaltools.gnu-tools-for-stm32.10.3-2021.10.win32_1.0.0.202111181127/tools/bin/../lib/gcc/arm-none-eabi/10.3.1/../../../../arm-none-eabi/lib/thumb/v7e-m+fp/hard\libstdc++_nano.a(eh_terminate.o)
                              c:/st/stm32cubeide_1.9.0/stm32cubeide/plugins/com.st.stm32cube.ide.mcu.externaltools.gnu-tools-for-stm32.10.3-2021.10.win32_1.0.0.202111181127/tools/bin/../lib/gcc/arm-none-eabi/10.3.1/../../../../arm-none-eabi/lib/thumb/v7e-m+fp/hard\libstdc++_nano.a(pure.o) (std::terminate())
c:/st/stm32cubeide_1.9.0/stm32cubeide/plugins/com.st.stm32cube.ide.mcu.externaltools.gnu-tools-for-stm32.10.3-2021.10.win32_1.0.0.202111181127/tools/bin/../lib/gcc/arm-none-eabi/10.3.1/../../../../arm-none-eabi/lib/thumb/v7e-m+fp/hard\libstdc++_nano.a(eh_unex_handler.o)
                              c:/st/stm32cubeide_1.9.0/stm32cubeide/plugins/com.st.stm32cube.ide.mcu.externaltools.gnu-tools-for-stm32.10.3-2021.10.win32_1.0.0.202111181127/tools/bin/../lib/gcc/arm-none-eabi/10.3.1/../../../../arm-none-eabi/lib/thumb/v7e-m+fp/hard\libstdc++_nano.a(eh_terminate.o) (__cxxabiv1::__unexpected_handler)
c:/st/stm32cubeide_1.9.0/stm32cubeide/plugins/com.st.stm32cube.ide.mcu.externaltools.gnu-tools-for-stm32.10.3-2021.10.win32_1.0.0.202111181127/tools/bin/../lib/gcc/arm-none-eabi/10.3.1/../../../../arm-none-eabi/lib/thumb/v7e-m+fp/hard\libstdc++_nano.a(new_handler.o)
                              c:/st/stm32cubeide_1.9.0/stm32cubeide/plugins/com.st.stm32cube.ide.mcu.externaltools.gnu-tools-for-stm32.10.3-2021.10.win32_1.0.0.202111181127/tools/bin/../lib/gcc/arm-none-eabi/10.3.1/../../../../arm-none-eabi/lib/thumb/v7e-m+fp/hard\libstdc++_nano.a(new_op.o) (std::get_new_handler())
c:/st/stm32cubeide_1.9.0/stm32cubeide/plugins/com.st.stm32cube.ide.mcu.externaltools.gnu-tools-for-stm32.10.3-2021.10.win32_1.0.0.202111181127/tools/bin/../lib/gcc/arm-none-eabi/10.3.1/../../../../arm-none-eabi/lib/thumb/v7e-m+fp/hard\libstdc++_nano.a(eh_term_handler.o)
                              c:/st/stm32cubeide_1.9.0/stm32cubeide/plugins/com.st.stm32cube.ide.mcu.externaltools.gnu-tools-for-stm32.10.3-2021.10.win32_1.0.0.202111181127/tools/bin/../lib/gcc/arm-none-eabi/10.3.1/../../../../arm-none-eabi/lib/thumb/v7e-m+fp/hard\libstdc++_nano.a(eh_terminate.o) (__cxxabiv1::__terminate_handler)
c:/st/stm32cubeide_1.9.0/stm32cubeide/plugins/com.st.stm32cube.ide.mcu.externaltools.gnu-tools-for-stm32.10.3-2021.10.win32_1.0.0.202111181127/tools/bin/../lib/gcc/arm-none-eabi/10.3.1/../../../../arm-none-eabi/lib/thumb/v7e-m+fp/hard\libm.a(lib_a-w_pow.o)
                              ./Core/Src/DHT.o (pow)
c:/st/stm32cubeide_1.9.0/stm32cubeide/plugins/com.st.stm32cube.ide.mcu.externaltools.gnu-tools-for-stm32.10.3-2021.10.win32_1.0.0.202111181127/tools/bin/../lib/gcc/arm-none-eabi/10.3.1/../../../../arm-none-eabi/lib/thumb/v7e-m+fp/hard\libm.a(lib_a-e_pow.o)
                              c:/st/stm32cubeide_1.9.0/stm32cubeide/plugins/com.st.stm32cube.ide.mcu.externaltools.gnu-tools-for-stm32.10.3-2021.10.win32_1.0.0.202111181127/tools/bin/../lib/gcc/arm-none-eabi/10.3.1/../../../../arm-none-eabi/lib/thumb/v7e-m+fp/hard\libm.a(lib_a-w_pow.o) (__ieee754_pow)
[...]
Memory Configuration

Name             Origin             Length             Attributes
RAM              0x0000000020000000 0x0000000000018000 xrw
RAM2             0x0000000010000000 0x0000000000008000 xrw
FLASH            0x0000000008000000 0x0000000000100000 xr
*default*        0x0000000000000000 0xffffffffffffffff

Linker script and memory map

LOAD c:/st/stm32cubeide_1.9.0/stm32cubeide/plugins/com.st.stm32cube.ide.mcu.externaltools.gnu-tools-for-stm32.10.3-2021.10.win32_1.0.0.202111181127/tools/bin/../lib/gcc/arm-none-eabi/10.3.1/thumb/v7e-m+fp/hard/crti.o
LOAD c:/st/stm32cubeide_1.9.0/stm32cubeide/plugins/com.st.stm32cube.ide.mcu.externaltools.gnu-tools-for-stm32.10.3-2021.10.win32_1.0.0.202111181127/tools/bin/../lib/gcc/arm-none-eabi/10.3.1/thumb/v7e-m+fp/hard/crtbegin.o
LOAD c:/st/stm32cubeide_1.9.0/stm32cubeide/plugins/com.st.stm32cube.ide.mcu.externaltools.gnu-tools-for-stm32.10.3-2021.10.win32_1.0.0.202111181127/tools/bin/../lib/gcc/arm-none-eabi/10.3.1/../../../../arm-none-eabi/lib/thumb/v7e-m+fp/hard/crt0.o
LOAD ./Core/Src/BUZ.o
LOAD ./Core/Src/Button.o
LOAD ./Core/Src/CLI.o
LOAD ./Core/Src/DHT.o
LOAD ./Core/Src/Flash.o
LOAD ./Core/Src/LED.o
LOAD ./Core/Src/MyMain.o
LOAD ./Core/Src/Rtc.o
LOAD ./Core/Src/SdCard.o
LOAD ./Core/Src/commTask.o
LOAD ./Core/Src/freertos.o
LOAD ./Core/Src/main.o
LOAD ./Core/Src/stm32l4xx_hal_msp.o
LOAD ./Core/Src/stm32l4xx_it.o
LOAD ./Core/Src/syscalls.o
LOAD ./Core/Src/sysmem.o
LOAD ./Core/Src/system_stm32l4xx.o
LOAD ./Core/Startup/startup_stm32l476rgtx.o
LOAD ./Drivers/STM32L4xx_HAL_Driver/Src/stm32l4xx_hal.o
LOAD ./Drivers/STM32L4xx_HAL_Driver/Src/stm32l4xx_hal_cortex.o
LOAD ./Drivers/STM32L4xx_HAL_Driver/Src/stm32l4xx_hal_dma.o
LOAD ./Drivers/STM32L4xx_HAL_Driver/Src/stm32l4xx_hal_dma_ex.o
LOAD ./Drivers/STM32L4xx_HAL_Driver/Src/stm32l4xx_hal_exti.o
LOAD ./Drivers/STM32L4xx_HAL_Driver/Src/stm32l4xx_hal_flash.o
LOAD ./Drivers/STM32L4xx_HAL_Driver/Src/stm32l4xx_hal_flash_ex.o
LOAD ./Drivers/STM32L4xx_HAL_Driver/Src/stm32l4xx_hal_flash_ramfunc.o
LOAD ./Drivers/STM32L4xx_HAL_Driver/Src/stm32l4xx_hal_gpio.o
LOAD ./Drivers/STM32L4xx_HAL_Driver/Src/stm32l4xx_hal_i2c.o
LOAD ./Drivers/STM32L4xx_HAL_Driver/Src/stm32l4xx_hal_i2c_ex.o
LOAD ./Drivers/STM32L4xx_HAL_Driver/Src/stm32l4xx_hal_pwr.o
LOAD ./Drivers/STM32L4xx_HAL_Driver/Src/stm32l4xx_hal_pwr_ex.o
LOAD ./Drivers/STM32L4xx_HAL_Driver/Src/stm32l4xx_hal_rcc.o
LOAD ./Drivers/STM32L4xx_HAL_Driver/Src/stm32l4xx_hal_rcc_ex.o
LOAD ./Drivers/STM32L4xx_HAL_Driver/Src/stm32l4xx_hal_spi.o
LOAD ./Drivers/STM32L4xx_HAL_Driver/Src/stm32l4xx_hal_spi_ex.o
LOAD ./Drivers/STM32L4xx_HAL_Driver/Src/stm32l4xx_hal_tim.o
LOAD ./Drivers/STM32L4xx_HAL_Driver/Src/stm32l4xx_hal_tim_ex.o
LOAD ./Drivers/STM32L4xx_HAL_Driver/Src/stm32l4xx_hal_uart.o
LOAD ./Drivers/STM32L4xx_HAL_Driver/Src/stm32l4xx_hal_uart_ex.o
LOAD ./FATFS/App/fatfs.o
LOAD ./FATFS/Target/user_diskio.o
LOAD ./FATFS/Target/user_diskio_spi.o
LOAD ./Middlewares/Third_Party/FatFs/src/diskio.o
LOAD ./Middlewares/Third_Party/FatFs/src/ff.o
LOAD ./Middlewares/Third_Party/FatFs/src/ff_gen_drv.o
LOAD ./Middlewares/Third_Party/FatFs/src/option/syscall.o
LOAD ./Middlewares/Third_Party/FreeRTOS/Source/CMSIS_RTOS_V2/cmsis_os2.o
LOAD ./Middlewares/Third_Party/FreeRTOS/Source/croutine.o
LOAD ./Middlewares/Third_Party/FreeRTOS/Source/event_groups.o
LOAD ./Middlewares/Third_Party/FreeRTOS/Source/list.o
LOAD ./Middlewares/Third_Party/FreeRTOS/Source/queue.o
LOAD ./Middlewares/Third_Party/FreeRTOS/Source/stream_buffer.o
LOAD ./Middlewares/Third_Party/FreeRTOS/Source/tasks.o
LOAD ./Middlewares/Third_Party/FreeRTOS/Source/timers.o
LOAD ./Middlewares/Third_Party/FreeRTOS/Source/portable/GCC/ARM_CM4F/port.o
LOAD ./Middlewares/Third_Party/FreeRTOS/Source/portable/MemMang/heap_4.o
START GROUP
LOAD c:/st/stm32cubeide_1.9.0/stm32cubeide/plugins/com.st.stm32cube.ide.mcu.externaltools.gnu-tools-for-stm32.10.3-2021.10.win32_1.0.0.202111181127/tools/bin/../lib/gcc/arm-none-eabi/10.3.1/../../../../arm-none-eabi/lib/thumb/v7e-m+fp/hard\libstdc++_nano.a
LOAD c:/st/stm32cubeide_1.9.0/stm32cubeide/plugins/com.st.stm32cube.ide.mcu.externaltools.gnu-tools-for-stm32.10.3-2021.10.win32_1.0.0.202111181127/tools/bin/../lib/gcc/arm-none-eabi/10.3.1/../../../../arm-none-eabi/lib/thumb/v7e-m+fp/hard\libsupc++_nano.a
END GROUP
LOAD c:/st/stm32cubeide_1.9.0/stm32cubeide/plugins/com.st.stm32cube.ide.mcu.externaltools.gnu-tools-for-stm32.10.3-2021.10.win32_1.0.0.202111181127/tools/bin/../lib/gcc/arm-none-eabi/10.3.1/../../../../arm-none-eabi/lib/thumb/v7e-m+fp/hard\libstdc++_nano.a
LOAD c:/st/stm32cubeide_1.9.0/stm32cubeide/plugins/com.st.stm32cube.ide.mcu.externaltools.gnu-tools-for-stm32.10.3-2021.10.win32_1.0.0.202111181127/tools/bin/../lib/gcc/arm-none-eabi/10.3.1/../../../../arm-none-eabi/lib/thumb/v7e-m+fp/hard\libm.a
LOAD c:/st/stm32cubeide_1.9.0/stm32cubeide/plugins/com.st.stm32cube.ide.mcu.externaltools.gnu-tools-for-stm32.10.3-2021.10.win32_1.0.0.202111181127/tools/bin/../lib/gcc/arm-none-eabi/10.3.1/../../../../arm-none-eabi/lib/thumb/v7e-m+fp/hard\libc_nano.a
START GROUP
LOAD c:/st/stm32cubeide_1.9.0/stm32cubeide/plugins/com.st.stm32cube.ide.mcu.externaltools.gnu-tools-for-stm32.10.3-2021.10.win32_1.0.0.202111181127/tools/bin/../lib/gcc/arm-none-eabi/10.3.1/thumb/v7e-m+fp/hard\libgcc.a
LOAD c:/st/stm32cubeide_1.9.0/stm32cubeide/plugins/com.st.stm32cube.ide.mcu.externaltools.gnu-tools-for-stm32.10.3-2021.10.win32_1.0.0.202111181127/tools/bin/../lib/gcc/arm-none-eabi/10.3.1/../../../../arm-none-eabi/lib/thumb/v7e-m+fp/hard\libc_nano.a
END GROUP
START GROUP
LOAD c:/st/stm32cubeide_1.9.0/stm32cubeide/plugins/com.st.stm32cube.ide.mcu.externaltools.gnu-tools-for-stm32.10.3-2021.10.win32_1.0.0.202111181127/tools/bin/../lib/gcc/arm-none-eabi/10.3.1/thumb/v7e-m+fp/hard\libgcc.a
LOAD c:/st/stm32cubeide_1.9.0/stm32cubeide/plugins/com.st.stm32cube.ide.mcu.externaltools.gnu-tools-for-stm32.10.3-2021.10.win32_1.0.0.202111181127/tools/bin/../lib/gcc/arm-none-eabi/10.3.1/../../../../arm-none-eabi/lib/thumb/v7e-m+fp/hard\libc_nano.a
LOAD c:/st/stm32cubeide_1.9.0/stm32cubeide/plugins/com.st.stm32cube.ide.mcu.externaltools.gnu-tools-for-stm32.10.3-2021.10.win32_1.0.0.202111181127/tools/bin/../lib/gcc/arm-none-eabi/10.3.1/../../../../arm-none-eabi/lib/thumb/v7e-m+fp/hard\libnosys.a
END GROUP
START GROUP
LOAD c:/st/stm32cubeide_1.9.0/stm32cubeide/plugins/com.st.stm32cube.ide.mcu.externaltools.gnu-tools-for-stm32.10.3-2021.10.win32_1.0.0.202111181127/tools/bin/../lib/gcc/arm-none-eabi/10.3.1/thumb/v7e-m+fp/hard\libgcc.a
LOAD c:/st/stm32cubeide_1.9.0/stm32cubeide/plugins/com.st.stm32cube.ide.mcu.externaltools.gnu-tools-for-stm32.10.3-2021.10.win32_1.0.0.202111181127/tools/bin/../lib/gcc/arm-none-eabi/10.3.1/../../../../arm-none-eabi/lib/thumb/v7e-m+fp/hard\libc_nano.a
LOAD c:/st/stm32cubeide_1.9.0/stm32cubeide/plugins/com.st.stm32cube.ide.mcu.externaltools.gnu-tools-for-stm32.10.3-2021.10.win32_1.0.0.202111181127/tools/bin/../lib/gcc/arm-none-eabi/10.3.1/../../../../arm-none-eabi/lib/thumb/v7e-m+fp/hard\libnosys.a
END GROUP
LOAD c:/st/stm32cubeide_1.9.0/stm32cubeide/plugins/com.st.stm32cube.ide.mcu.externaltools.gnu-tools-for-stm32.10.3-2021.10.win32_1.0.0.202111181127/tools/bin/../lib/gcc/arm-none-eabi/10.3.1/thumb/v7e-m+fp/hard/crtend.o
LOAD c:/st/stm32cubeide_1.9.0/stm32cubeide/plugins/com.st.stm32cube.ide.mcu.externaltools.gnu-tools-for-stm32.10.3-2021.10.win32_1.0.0.202111181127/tools/bin/../lib/gcc/arm-none-eabi/10.3.1/thumb/v7e-m+fp/hard/crtn.o
                0x0000000020018000                _estack = (ORIGIN (RAM) + LENGTH (RAM))
                0x0000000000000200                _Min_Heap_Size = 0x200
                0x0000000000000400                _Min_Stack_Size = 0x400

.isr_vector     0x0000000008000000      0x188
                0x0000000008000000                . = ALIGN (0x4)
 *(.isr_vector)
 .isr_vector    0x0000000008000000      0x188 ./Core/Startup/startup_stm32l476rgtx.o
                0x0000000008000000                g_pfnVectors
                0x0000000008000188                . = ALIGN (0x4)

.text           0x0000000008000190    0x135e0
                0x0000000008000190                . = ALIGN (0x4)
 *(.text)
 .text          0x0000000008000190       0x40 c:/st/stm32cubeide_1.9.0/stm32cubeide/plugins/com.st.stm32cube.ide.mcu.externaltools.gnu-tools-for-stm32.10.3-2021.10.win32_1.0.0.202111181127/tools/bin/../lib/gcc/arm-none-eabi/10.3.1/thumb/v7e-m+fp/hard/crtbegin.o
 .text          0x00000000080001d0       0x14 c:/st/stm32cubeide_1.9.0/stm32cubeide/plugins/com.st.stm32cube.ide.mcu.externaltools.gnu-tools-for-stm32.10.3-2021.10.win32_1.0.0.202111181127/tools/bin/../lib/gcc/arm-none-eabi/10.3.1/../../../../arm-none-eabi/lib/thumb/v7e-m+fp/hard\libc_nano.a(lib_a-strcmp.o)
                0x00000000080001d0                strcmp
 .text          0x00000000080001e4       0x10 c:/st/stm32cubeide_1.9.0/stm32cubeide/plugins/com.st.stm32cube.ide.mcu.externaltools.gnu-tools-for-stm32.10.3-2021.10.win32_1.0.0.202111181127/tools/bin/../lib/gcc/arm-none-eabi/10.3.1/../../../../arm-none-eabi/lib/thumb/v7e-m+fp/hard\libc_nano.a(lib_a-strlen.o)
                0x00000000080001e4                strlen
 *fill*         0x00000000080001f4        0xc 
 .text          0x0000000008000200       0xa0 c:/st/stm32cubeide_1.9.0/stm32cubeide/plugins/com.st.stm32cube.ide.mcu.externaltools.gnu-tools-for-stm32.10.3-2021.10.win32_1.0.0.202111181127/tools/bin/../lib/gcc/arm-none-eabi/10.3.1/../../../../arm-none-eabi/lib/thumb/v7e-m+fp/hard\libc_nano.a(lib_a-memchr.o)
                0x0000000008000200                memchr
 .text          0x00000000080002a0      0x378 c:/st/stm32cubeide_1.9.0/stm32cubeide/plugins/com.st.stm32cube.ide.mcu.externaltools.gnu-tools-for-stm32.10.3-2021.10.win32_1.0.0.202111181127/tools/bin/../lib/gcc/arm-none-eabi/10.3.1/thumb/v7e-m+fp/hard\libgcc.a(_arm_addsubdf3.o)
                0x00000000080002a0                __aeabi_drsub
                0x00000000080002a8                __aeabi_dsub
                0x00000000080002a8                __subdf3
                0x00000000080002ac                __aeabi_dadd
                0x00000000080002ac                __adddf3
                0x0000000008000524                __floatunsidf
                0x0000000008000524                __aeabi_ui2d
                0x0000000008000544                __floatsidf
                0x0000000008000544                __aeabi_i2d
                0x0000000008000568                __aeabi_f2d
                0x0000000008000568                __extendsfdf2
                0x00000000080005ac                __floatundidf
                0x00000000080005ac                __aeabi_ul2d
                0x00000000080005bc                __floatdidf
                0x00000000080005bc                __aeabi_l2d
 .text          0x0000000008000618      0x424 c:/st/stm32cubeide_1.9.0/stm32cubeide/plugins/com.st.stm32cube.ide.mcu.externaltools.gnu-tools-for-stm32.10.3-2021.10.win32_1.0.0.202111181127/tools/bin/../lib/gcc/arm-none-eabi/10.3.1/thumb/v7e-m+fp/hard\libgcc.a(_arm_muldivdf3.o)
                0x0000000008000618                __aeabi_dmul
                0x0000000008000618                __muldf3
                0x000000000800086c                __divdf3
                0x000000000800086c                __aeabi_ddiv
 .text          0x0000000008000a3c      0x110 c:/st/stm32cubeide_1.9.0/stm32cubeide/plugins/com.st.stm32cube.ide.mcu.externaltools.gnu-tools-for-stm32.10.3-2021.10.win32_1.0.0.202111181127/tools/bin/../lib/gcc/arm-none-eabi/10.3.1/thumb/v7e-m+fp/hard\libgcc.a(_arm_cmpdf2.o)
                0x0000000008000a3c                __gtdf2
                0x0000000008000a3c                __gedf2
                0x0000000008000a44                __ltdf2
                0x0000000008000a44                __ledf2
                0x0000000008000a4c                __nedf2
                0x0000000008000a4c                __eqdf2
                0x0000000008000a4c                __cmpdf2
                0x0000000008000ac8                __aeabi_cdrcmple
                0x0000000008000ad8                __aeabi_cdcmpeq
                0x0000000008000ad8                __aeabi_cdcmple
                0x0000000008000ae8                __aeabi_dcmpeq
                0x0000000008000afc                __aeabi_dcmplt
                0x0000000008000b10                __aeabi_dcmple
                0x0000000008000b24                __aeabi_dcmpge
                0x0000000008000b38                __aeabi_dcmpgt
 .text          0x0000000008000b4c       0x2c c:/st/stm32cubeide_1.9.0/stm32cubeide/plugins/com.st.stm32cube.ide.mcu.externaltools.gnu-tools-for-stm32.10.3-2021.10.win32_1.0.0.202111181127/tools/bin/../lib/gcc/arm-none-eabi/10.3.1/thumb/v7e-m+fp/hard\libgcc.a(_arm_unorddf2.o)
                0x0000000008000b4c                __unorddf2
                0x0000000008000b4c                __aeabi_dcmpun
 .text          0x0000000008000b78       0x50 c:/st/stm32cubeide_1.9.0/stm32cubeide/plugins/com.st.stm32cube.ide.mcu.externaltools.gnu-tools-for-stm32.10.3-2021.10.win32_1.0.0.202111181127/tools/bin/../lib/gcc/arm-none-eabi/10.3.1/thumb/v7e-m+fp/hard\libgcc.a(_arm_fixdfsi.o)
                0x0000000008000b78                __aeabi_d2iz
                0x0000000008000b78                __fixdfsi
 .text          0x0000000008000bc8       0x30 c:/st/stm32cubeide_1.9.0/stm32cubeide/plugins/com.st.stm32cube.ide.mcu.externaltools.gnu-tools-for-stm32.10.3-2021.10.win32_1.0.0.202111181127/tools/bin/../lib/gcc/arm-none-eabi/10.3.1/thumb/v7e-m+fp/hard\libgcc.a(_aeabi_uldivmod.o)
                0x0000000008000bc8                __aeabi_uldivmod
 .text          0x0000000008000bf8      0x2d0 c:/st/stm32cubeide_1.9.0/stm32cubeide/plugins/com.st.stm32cube.ide.mcu.externaltools.gnu-tools-for-stm32.10.3-2021.10.win32_1.0.0.202111181127/tools/bin/../lib/gcc/arm-none-eabi/10.3.1/thumb/v7e-m+fp/hard\libgcc.a(_udivmoddi4.o)
                0x0000000008000bf8                __udivmoddi4
 .text          0x0000000008000ec8        0x4 c:/st/stm32cubeide_1.9.0/stm32cubeide/plugins/com.st.stm32cube.ide.mcu.externaltools.gnu-tools-for-stm32.10.3-2021.10.win32_1.0.0.202111181127/tools/bin/../lib/gcc/arm-none-eabi/10.3.1/thumb/v7e-m+fp/hard\libgcc.a(_dvmd_tls.o)
                0x0000000008000ec8                __aeabi_idiv0
                0x0000000008000ec8                __aeabi_ldiv0
 *(.text*)
 .text._ZN3BUZC2E9_buzState
                0x0000000008000ecc       0x30 ./Core/Src/BUZ.o
                0x0000000008000ecc                BUZ::BUZ(_buzState)
                0x0000000008000ecc                BUZ::BUZ(_buzState)
 .text._ZN3BUZD2Ev
                0x0000000008000efc       0x20 ./Core/Src/BUZ.o
                0x0000000008000efc                BUZ::~BUZ()
                0x0000000008000efc                BUZ::~BUZ()
 .text._ZN3BUZD0Ev
                0x0000000008000f1c       0x20 ./Core/Src/BUZ.o
                0x0000000008000f1c                BUZ::~BUZ()
 .text._ZN3BUZ9buzzStartEv
                0x0000000008000f3c       0x28 ./Core/Src/BUZ.o
                0x0000000008000f3c                BUZ::buzzStart()
 .text._ZN3BUZ8buzzStopEv
                0x0000000008000f64       0x28 ./Core/Src/BUZ.o
                0x0000000008000f64                BUZ::buzzStop()
 .text._ZN6ButtonD2Ev
                0x0000000008000f8c       0x20 ./Core/Src/Button.o
                0x0000000008000f8c                Button::~Button()
                0x0000000008000f8c                Button::~Button()
 .text._ZN6ButtonD0Ev
                0x0000000008000fac       0x20 ./Core/Src/Button.o
                0x0000000008000fac                Button::~Button()
 .text._ZN6ButtonC2EP12GPIO_TypeDeft
                0x0000000008000fcc       0x34 ./Core/Src/Button.o
                0x0000000008000fcc                Button::Button(GPIO_TypeDef*, unsigned short)
                0x0000000008000fcc                Button::Button(GPIO_TypeDef*, unsigned short)
 .text._ZN10CliCommandC2Ev
                0x0000000008001000       0x20 ./Core/Src/CLI.o
                0x0000000008001000                CliCommand::CliCommand()
                0x0000000008001000                CliCommand::CliCommand()
 .text._ZN10CliCommandD2Ev
                0x0000000008001020       0x20 ./Core/Src/CLI.o
                0x0000000008001020                CliCommand::~CliCommand()
                0x0000000008001020                CliCommand::~CliCommand()
 .text._ZN10CliCommandD0Ev
                0x0000000008001040       0x20 ./Core/Src/CLI.o
                0x0000000008001040                CliCommand::~CliCommand()
 .text._ZN3CLIC2Ev
                0x0000000008001060       0x28 ./Core/Src/CLI.o
                0x0000000008001060                CLI::CLI()
                0x0000000008001060                CLI::CLI()
 .text._ZN3CLID2Ev
                0x0000000008001088       0x20 ./Core/Src/CLI.o
                0x0000000008001088                CLI::~CLI()
                0x0000000008001088                CLI::~CLI()
 .text._ZN3CLID0Ev
                0x00000000080010a8       0x22 ./Core/Src/CLI.o
                0x00000000080010a8                CLI::~CLI()
 *fill*         0x00000000080010ca        0x2 
 .text._ZN8BuzOnCmdC2EP3BUZ
                0x00000000080010cc       0x2c ./Core/Src/CLI.o
                0x00000000080010cc                BuzOnCmd::BuzOnCmd(BUZ*)
                0x00000000080010cc                BuzOnCmd::BuzOnCmd(BUZ*)
 .text._ZN8BuzOnCmd9doCommandEPKc
                0x00000000080010f8       0x1c ./Core/Src/CLI.o
                0x00000000080010f8                BuzOnCmd::doCommand(char const*)
 .text._ZN9BuzOffCmdC2EP3BUZ
                0x0000000008001114       0x2c ./Core/Src/CLI.o
                0x0000000008001114                BuzOffCmd::BuzOffCmd(BUZ*)
                0x0000000008001114                BuzOffCmd::BuzOffCmd(BUZ*)
 .text._ZN9BuzOffCmd9doCommandEPKc
                0x0000000008001140       0x1c ./Core/Src/CLI.o
                0x0000000008001140                BuzOffCmd::doCommand(char const*)
 .text._ZN8LedOnCmdC2EP3LED
                0x000000000800115c       0x2c ./Core/Src/CLI.o
                0x000000000800115c                LedOnCmd::LedOnCmd(LED*)
                0x000000000800115c                LedOnCmd::LedOnCmd(LED*)
 .text._ZN8LedOnCmd9doCommandEPKc
                0x0000000008001188       0x1c ./Core/Src/CLI.o
                0x0000000008001188                LedOnCmd::doCommand(char const*)
 .text._ZN9LedOffCmdC2EP3LED
                0x00000000080011a4       0x2c ./Core/Src/CLI.o
                0x00000000080011a4                LedOffCmd::LedOffCmd(LED*)
                0x00000000080011a4                LedOffCmd::LedOffCmd(LED*)
 .text._ZN9LedOffCmd9doCommandEPKc
                0x00000000080011d0       0x1c ./Core/Src/CLI.o
                0x00000000080011d0                LedOffCmd::doCommand(char const*)
 .text._ZN11LedBlinkCmdC2EP3LED
                0x00000000080011ec       0x2c ./Core/Src/CLI.o
                0x00000000080011ec                LedBlinkCmd::LedBlinkCmd(LED*)
                0x00000000080011ec                LedBlinkCmd::LedBlinkCmd(LED*)
 .text._ZN11LedBlinkCmd9doCommandEPKc
                0x0000000008001218       0x1c ./Core/Src/CLI.o
                0x0000000008001218                LedBlinkCmd::doCommand(char const*)
 .text._ZN15LedStopBlinkCmdC2EP3LED
                0x0000000008001234       0x2c ./Core/Src/CLI.o
                0x0000000008001234                LedStopBlinkCmd::LedStopBlinkCmd(LED*)
                0x0000000008001234                LedStopBlinkCmd::LedStopBlinkCmd(LED*)
 .text._ZN15LedStopBlinkCmd9doCommandEPKc
                0x0000000008001260       0x1c ./Core/Src/CLI.o
                0x0000000008001260                LedStopBlinkCmd::doCommand(char const*)
 .text._ZN7TempCmdC2EP3DHT
                0x000000000800127c       0x2c ./Core/Src/CLI.o
                0x000000000800127c                TempCmd::TempCmd(DHT*)
                0x000000000800127c                TempCmd::TempCmd(DHT*)
 .text._ZN7TempCmd9doCommandEPKc
                0x00000000080012a8       0x1c ./Core/Src/CLI.o
                0x00000000080012a8                TempCmd::doCommand(char const*)
 .text._ZN13SetWarningCmdC2EP5Flash
                0x00000000080012c4       0x2c ./Core/Src/CLI.o
                0x00000000080012c4                SetWarningCmd::SetWarningCmd(Flash*)
                0x00000000080012c4                SetWarningCmd::SetWarningCmd(Flash*)
 .text._ZN13SetWarningCmd9doCommandEPKc
                0x00000000080012f0       0x26 ./Core/Src/CLI.o
                0x00000000080012f0                SetWarningCmd::doCommand(char const*)
 *fill*         0x0000000008001316        0x2 
 .text._ZN14SetCriticalCmdC2EP5Flash
                0x0000000008001318       0x2c ./Core/Src/CLI.o
                0x0000000008001318                SetCriticalCmd::SetCriticalCmd(Flash*)
                0x0000000008001318                SetCriticalCmd::SetCriticalCmd(Flash*)
 .text._ZN14SetCriticalCmd9doCommandEPKc
                0x0000000008001344       0x26 ./Core/Src/CLI.o
                0x0000000008001344                SetCriticalCmd::doCommand(char const*)
 *fill*         0x000000000800136a        0x2 
 .text._ZN18PrintThresholdsCmdC2EP5Flash
                0x000000000800136c       0x2c ./Core/Src/CLI.o
                0x000000000800136c                PrintThresholdsCmd::PrintThresholdsCmd(Flash*)
                0x000000000800136c                PrintThresholdsCmd::PrintThresholdsCmd(Flash*)
 .text._ZN18PrintThresholdsCmd9doCommandEPKc
                0x0000000008001398       0x1c ./Core/Src/CLI.o
                0x0000000008001398                PrintThresholdsCmd::doCommand(char const*)
 .text._ZN11PrintLogCmd9doCommandEPKc
                0x00000000080013b4       0x28 ./Core/Src/CLI.o
                0x00000000080013b4                PrintLogCmd::doCommand(char const*)
 .text._ZN11ClearLogCmd9doCommandEPKc
                0x00000000080013dc       0x28 ./Core/Src/CLI.o
                0x00000000080013dc                ClearLogCmd::doCommand(char const*)
 .text._ZN7HelpCmdC2EP3CLI
                0x0000000008001404       0x2c ./Core/Src/CLI.o
                0x0000000008001404                HelpCmd::HelpCmd(CLI*)
                0x0000000008001404                HelpCmd::HelpCmd(CLI*)
 .text._ZN7HelpCmd9doCommandEPKc
                0x0000000008001430       0x1c ./Core/Src/CLI.o
                0x0000000008001430                HelpCmd::doCommand(char const*)
 .text._ZN3CLI15registerCommandEPKcP10CliCommand
                0x000000000800144c       0x50 ./Core/Src/CLI.o
                0x000000000800144c                CLI::registerCommand(char const*, CliCommand*)
 .text._ZN3CLI14performCommandEPcS0_
                0x000000000800149c       0x70 ./Core/Src/CLI.o
                0x000000000800149c                CLI::performCommand(char*, char*)
 .text._ZN3CLI13printCommandsEv
                0x000000000800150c       0x48 ./Core/Src/CLI.o
                0x000000000800150c                CLI::printCommands()
 .text._ZN11PrintLogCmdC2Ev
                0x0000000008001554       0x24 ./Core/Src/CLI.o
                0x0000000008001554                PrintLogCmd::PrintLogCmd()
                0x0000000008001554                PrintLogCmd::PrintLogCmd()
 .text._ZN11ClearLogCmdC2Ev
                0x0000000008001578       0x24 ./Core/Src/CLI.o
                0x0000000008001578                ClearLogCmd::ClearLogCmd()
                0x0000000008001578                ClearLogCmd::ClearLogCmd()
 .text._ZN3CLI7CliInitEv
                0x000000000800159c      0x1c4 ./Core/Src/CLI.o
                0x000000000800159c                CLI::CliInit()
 .text._ZN7HelpCmdD2Ev
                0x0000000008001760       0x24 ./Core/Src/CLI.o
                0x0000000008001760                HelpCmd::~HelpCmd()
                0x0000000008001760                HelpCmd::~HelpCmd()
 .text._ZN7HelpCmdD0Ev
                0x0000000008001784       0x20 ./Core/Src/CLI.o
                0x0000000008001784                HelpCmd::~HelpCmd()
 .text._ZN11ClearLogCmdD2Ev
                0x00000000080017a4       0x24 ./Core/Src/CLI.o
                0x00000000080017a4                ClearLogCmd::~ClearLogCmd()
                0x00000000080017a4                ClearLogCmd::~ClearLogCmd()
 .text._ZN11ClearLogCmdD0Ev
                0x00000000080017c8       0x20 ./Core/Src/CLI.o
                0x00000000080017c8                ClearLogCmd::~ClearLogCmd()
 .text._ZN11PrintLogCmdD2Ev
                0x00000000080017e8       0x24 ./Core/Src/CLI.o
                0x00000000080017e8                PrintLogCmd::~PrintLogCmd()
                0x00000000080017e8                PrintLogCmd::~PrintLogCmd()
 .text._ZN11PrintLogCmdD0Ev
                0x000000000800180c       0x20 ./Core/Src/CLI.o
                0x000000000800180c                PrintLogCmd::~PrintLogCmd()
 .text._ZN18PrintThresholdsCmdD2Ev
                0x000000000800182c       0x24 ./Core/Src/CLI.o
                0x000000000800182c                PrintThresholdsCmd::~PrintThresholdsCmd()
                0x000000000800182c                PrintThresholdsCmd::~PrintThresholdsCmd()
 .text._ZN18PrintThresholdsCmdD0Ev
                0x0000000008001850       0x20 ./Core/Src/CLI.o
                0x0000000008001850                PrintThresholdsCmd::~PrintThresholdsCmd()
 .text._ZN14SetCriticalCmdD2Ev
                0x0000000008001870       0x24 ./Core/Src/CLI.o
                0x0000000008001870                SetCriticalCmd::~SetCriticalCmd()
                0x0000000008001870                SetCriticalCmd::~SetCriticalCmd()
 .text._ZN14SetCriticalCmdD0Ev
                0x0000000008001894       0x20 ./Core/Src/CLI.o
                0x0000000008001894                SetCriticalCmd::~SetCriticalCmd()
 .text._ZN13SetWarningCmdD2Ev
                0x00000000080018b4       0x24 ./Core/Src/CLI.o
                0x00000000080018b4                SetWarningCmd::~SetWarningCmd()
                0x00000000080018b4                SetWarningCmd::~SetWarningCmd()
 .text._ZN13SetWarningCmdD0Ev
                0x00000000080018d8       0x20 ./Core/Src/CLI.o
                0x00000000080018d8                SetWarningCmd::~SetWarningCmd()
 .text._ZN7TempCmdD2Ev
                0x00000000080018f8       0x24 ./Core/Src/CLI.o
                0x00000000080018f8                TempCmd::~TempCmd()
                0x00000000080018f8                TempCmd::~TempCmd()
 .text._ZN7TempCmdD0Ev
                0x000000000800191c       0x20 ./Core/Src/CLI.o
                0x000000000800191c                TempCmd::~TempCmd()
 .text._ZN15LedStopBlinkCmdD2Ev
                0x000000000800193c       0x24 ./Core/Src/CLI.o
                0x000000000800193c                LedStopBlinkCmd::~LedStopBlinkCmd()
                0x000000000800193c                LedStopBlinkCmd::~LedStopBlinkCmd()
 .text._ZN15LedStopBlinkCmdD0Ev
                0x0000000008001960       0x20 ./Core/Src/CLI.o
                0x0000000008001960                LedStopBlinkCmd::~LedStopBlinkCmd()
 .text._ZN11LedBlinkCmdD2Ev
                0x0000000008001980       0x24 ./Core/Src/CLI.o
                0x0000000008001980                LedBlinkCmd::~LedBlinkCmd()
                0x0000000008001980                LedBlinkCmd::~LedBlinkCmd()
 .text._ZN11LedBlinkCmdD0Ev
                0x00000000080019a4       0x20 ./Core/Src/CLI.o
                0x00000000080019a4                LedBlinkCmd::~LedBlinkCmd()
 .text._ZN9LedOffCmdD2Ev
                0x00000000080019c4       0x24 ./Core/Src/CLI.o
                0x00000000080019c4                LedOffCmd::~LedOffCmd()
                0x00000000080019c4                LedOffCmd::~LedOffCmd()
 .text._ZN9LedOffCmdD0Ev
                0x00000000080019e8       0x20 ./Core/Src/CLI.o
                0x00000000080019e8                LedOffCmd::~LedOffCmd()
 .text._ZN8LedOnCmdD2Ev
                0x0000000008001a08       0x24 ./Core/Src/CLI.o
                0x0000000008001a08                LedOnCmd::~LedOnCmd()
                0x0000000008001a08                LedOnCmd::~LedOnCmd()
 .text._ZN8LedOnCmdD0Ev
                0x0000000008001a2c       0x20 ./Core/Src/CLI.o
                0x0000000008001a2c                LedOnCmd::~LedOnCmd()
 .text._ZN9BuzOffCmdD2Ev
                0x0000000008001a4c       0x24 ./Core/Src/CLI.o
                0x0000000008001a4c                BuzOffCmd::~BuzOffCmd()
                0x0000000008001a4c                BuzOffCmd::~BuzOffCmd()
 .text._ZN9BuzOffCmdD0Ev
                0x0000000008001a70       0x20 ./Core/Src/CLI.o
                0x0000000008001a70                BuzOffCmd::~BuzOffCmd()
 .text._ZN8BuzOnCmdD2Ev
                0x0000000008001a90       0x24 ./Core/Src/CLI.o
                0x0000000008001a90                BuzOnCmd::~BuzOnCmd()
                0x0000000008001a90                BuzOnCmd::~BuzOnCmd()
 .text._ZN8BuzOnCmdD0Ev
                0x0000000008001ab4       0x20 ./Core/Src/CLI.o
                0x0000000008001ab4                BuzOnCmd::~BuzOnCmd()
 .text._ZN3DHTD2Ev
                0x0000000008001ad4       0x20 ./Core/Src/DHT.o
                0x0000000008001ad4                DHT::~DHT()
                0x0000000008001ad4                DHT::~DHT()
 .text._ZN3DHTD0Ev
                0x0000000008001af4       0x20 ./Core/Src/DHT.o
                0x0000000008001af4                DHT::~DHT()
 .text._ZN3DHTC2EP12GPIO_TypeDeft
                0x0000000008001b14       0x4c ./Core/Src/DHT.o
                0x0000000008001b14                DHT::DHT(GPIO_TypeDef*, unsigned short)
                0x0000000008001b14                DHT::DHT(GPIO_TypeDef*, unsigned short)
 .text._ZN3DHT13calculateTempEi
                0x0000000008001b60       0x68 ./Core/Src/DHT.o
                0x0000000008001b60                DHT::calculateTemp(int)
 .text._ZN3DHT4waitEm
                0x0000000008001bc8       0x34 ./Core/Src/DHT.o
                0x0000000008001bc8                DHT::wait(unsigned long)
 .text._ZN3DHT13calculateTimeEm
                0x0000000008001bfc       0x22 ./Core/Src/DHT.o
                0x0000000008001bfc                DHT::calculateTime(unsigned long)
 *fill*         0x0000000008001c1e        0x2 
 .text._ZN3DHT18startCommunicationEv
                0x0000000008001c20      0x138 ./Core/Src/DHT.o
                0x0000000008001c20                DHT::startCommunication()
 .text._ZN3DHT16dataTransmissionEv
                0x0000000008001d58       0xc0 ./Core/Src/DHT.o
                0x0000000008001d58                DHT::dataTransmission()
 .text._ZN3DHT8DHT_mainEv
                0x0000000008001e18       0x2c ./Core/Src/DHT.o
                0x0000000008001e18                DHT::DHT_main()
 .text._ZN3DHT8Dht_readEv
                0x0000000008001e44       0xa8 ./Core/Src/DHT.o
                0x0000000008001e44                DHT::Dht_read()
 .text._ZSt3powIiiEN9__gnu_cxx11__promote_2IT_T0_NS0_9__promoteIS2_XsrSt12__is_integerIS2_E7__valueEE6__typeENS4_IS3_XsrS5_IS3_E7__valueEE6__typeEE6__typeES2_S3_
                0x0000000008001eec       0x40 ./Core/Src/DHT.o
                0x0000000008001eec                __gnu_cxx::__promote_2<int, int, __gnu_cxx::__promote<int, std::__is_integer<int>::__value>::__type, __gnu_cxx::__promote<int, std::__is_integer<int>::__value>::__type>::__type std::pow<int, int>(int, int)
 .text._ZN5FlashD2Ev
                0x0000000008001f2c       0x20 ./Core/Src/Flash.o
                0x0000000008001f2c                Flash::~Flash()
                0x0000000008001f2c                Flash::~Flash()
 .text._ZN5FlashD0Ev
                0x0000000008001f4c       0x20 ./Core/Src/Flash.o
                0x0000000008001f4c                Flash::~Flash()
 .text._ZN5Flash9erasePageEv
                0x0000000008001f6c       0x50 ./Core/Src/Flash.o
                0x0000000008001f6c                Flash::erasePage()
 .text._ZN5Flash11writeToPageEPvi
                0x0000000008001fbc       0x62 ./Core/Src/Flash.o
                0x0000000008001fbc                Flash::writeToPage(void*, int)
 *fill*         0x000000000800201e        0x2 
 .text._ZN5Flash10setWarningEi
                0x0000000008002020       0x78 ./Core/Src/Flash.o
                0x0000000008002020                Flash::setWarning(int)
 .text._ZN5Flash11setCriticalEi
                0x0000000008002098       0x78 ./Core/Src/Flash.o
                0x0000000008002098                Flash::setCritical(int)
 .text._ZN5Flash15printThresHoldsEv
                0x0000000008002110       0x6c ./Core/Src/Flash.o
                0x0000000008002110                Flash::printThresHolds()
 .text._ZN3LEDD2Ev
                0x000000000800217c       0x20 ./Core/Src/LED.o
                0x000000000800217c                LED::~LED()
                0x000000000800217c                LED::~LED()
 .text._ZN3LEDD0Ev
                0x000000000800219c       0x20 ./Core/Src/LED.o
                0x000000000800219c                LED::~LED()
 .text._ZN3LEDC2EP12GPIO_TypeDeft9_ledState
                0x00000000080021bc       0x40 ./Core/Src/LED.o
                0x00000000080021bc                LED::LED(GPIO_TypeDef*, unsigned short, _ledState)
                0x00000000080021bc                LED::LED(GPIO_TypeDef*, unsigned short, _ledState)
 .text._ZN3LED5LedOnEv
                0x00000000080021fc       0x26 ./Core/Src/LED.o
                0x00000000080021fc                LED::LedOn()
 .text._ZN3LED6LedOFFEv
                0x0000000008002222       0x26 ./Core/Src/LED.o
                0x0000000008002222                LED::LedOFF()
 .text._ZN3LED8LedBlinkEv
                0x0000000008002248       0x26 ./Core/Src/LED.o
                0x0000000008002248                LED::LedBlink()
 .text._ZN3LED12LedStopBlinkEv
                0x000000000800226e       0x1a ./Core/Src/LED.o
                0x000000000800226e                LED::LedStopBlink()
 .text._ZN3LED8getStateEv
                0x0000000008002288       0x18 ./Core/Src/MyMain.o
                0x0000000008002288                LED::getState()
 .text._ZN6Button7getGpioEv
                0x00000000080022a0       0x18 ./Core/Src/MyMain.o
                0x00000000080022a0                Button::getGpio()
 .text._ZN6Button6getPinEv
                0x00000000080022b8       0x18 ./Core/Src/MyMain.o
                0x00000000080022b8                Button::getPin()
 .text._ZN3DHT7getTempEv
                0x00000000080022d0       0x24 ./Core/Src/MyMain.o
                0x00000000080022d0                DHT::getTemp()
 .text._ZN5FlashC2Emmmm
                0x00000000080022f4       0x40 ./Core/Src/MyMain.o
                0x00000000080022f4                Flash::Flash(unsigned long, unsigned long, unsigned long, unsigned long)
                0x00000000080022f4                Flash::Flash(unsigned long, unsigned long, unsigned long, unsigned long)
 .text._ZN5Flash10getWarningEv
                0x0000000008002334       0x18 ./Core/Src/MyMain.o
                0x0000000008002334                Flash::getWarning()
 .text._ZN5Flash11getCriticalEv
                0x000000000800234c       0x18 ./Core/Src/MyMain.o
                0x000000000800234c                Flash::getCritical()
 .text._ZN3RtcC2EP19__I2C_HandleTypeDefh
                0x0000000008002364       0x34 ./Core/Src/MyMain.o
                0x0000000008002364                Rtc::Rtc(__I2C_HandleTypeDef*, unsigned char)
                0x0000000008002364                Rtc::Rtc(__I2C_HandleTypeDef*, unsigned char)
 .text._ZN7ManagerC2E13_system_state
                0x0000000008002398       0x20 ./Core/Src/MyMain.o
                0x0000000008002398                Manager::Manager(_system_state)
                0x0000000008002398                Manager::Manager(_system_state)
 .text._ZN7Manager8getStateEv
                0x00000000080023b8       0x18 ./Core/Src/MyMain.o
                0x00000000080023b8                Manager::getState()
 .text._ZN7Manager8setStateE13_system_state
                0x00000000080023d0       0x1e ./Core/Src/MyMain.o
                0x00000000080023d0                Manager::setState(_system_state)
 .text._ZN6SdCard11getFileNameEv
                0x00000000080023ee       0x18 ./Core/Src/MyMain.o
                0x00000000080023ee                SdCard::getFileName()
 .text._ZN6SdCard16getErrorFileNameEv
                0x0000000008002406       0x18 ./Core/Src/MyMain.o
                0x0000000008002406                SdCard::getErrorFileName()
 *fill*         0x000000000800241e        0x2 
 .text._Z15updateLogBufferv
                0x0000000008002420       0xb4 ./Core/Src/MyMain.o
                0x0000000008002420                updateLogBuffer()
 .text.my_main  0x00000000080024d4       0x9c ./Core/Src/MyMain.o
                0x00000000080024d4                my_main
 .text.dhtTask  0x0000000008002570       0x14 ./Core/Src/MyMain.o
                0x0000000008002570                dhtTask
 .text.mainTask
                0x0000000008002584      0x278 ./Core/Src/MyMain.o
                0x0000000008002584                mainTask
 .text.LogWriteTask
                0x00000000080027fc       0x3c ./Core/Src/MyMain.o
                0x00000000080027fc                LogWriteTask
 .text.LedTask  0x0000000008002838       0x28 ./Core/Src/MyMain.o
                0x0000000008002838                LedTask
 .text.HAL_GPIO_EXTI_Callback
                0x0000000008002860       0x8c ./Core/Src/MyMain.o
                0x0000000008002860                HAL_GPIO_EXTI_Callback
 .text._Z41__static_initialization_and_destruction_0ii
                0x00000000080028ec       0xc4 ./Core/Src/MyMain.o
 .text._GLOBAL__sub_I_numOfRecords
                0x00000000080029b0       0x10 ./Core/Src/MyMain.o
 .text._GLOBAL__sub_D_numOfRecords
                0x00000000080029c0       0x10 ./Core/Src/MyMain.o
 .text._ZN3RtcD2Ev
                0x00000000080029d0       0x20 ./Core/Src/Rtc.o
                0x00000000080029d0                Rtc::~Rtc()
                0x00000000080029d0                Rtc::~Rtc()
 .text._ZN3RtcD0Ev
                0x00000000080029f0       0x20 ./Core/Src/Rtc.o
                0x00000000080029f0                Rtc::~Rtc()
 .text._ZN3Rtc8bcdToIntEh
                0x0000000008002a10       0x32 ./Core/Src/Rtc.o
                0x0000000008002a10                Rtc::bcdToInt(unsigned char)
 .text._ZN3Rtc10rtcGetTimeEP9DateTime_
                0x0000000008002a42       0xa6 ./Core/Src/Rtc.o
                0x0000000008002a42                Rtc::rtcGetTime(DateTime_*)
 .text._ZN6SdCardD2Ev
                0x0000000008002ae8       0x20 ./Core/Src/SdCard.o
                0x0000000008002ae8                SdCard::~SdCard()
                0x0000000008002ae8                SdCard::~SdCard()
 .text._ZN6SdCardD0Ev
                0x0000000008002b08       0x22 ./Core/Src/SdCard.o
                0x0000000008002b08                SdCard::~SdCard()
 *fill*         0x0000000008002b2a        0x2 
 .text._ZN6SdCardC2EPKcS1_
                0x0000000008002b2c       0x40 ./Core/Src/SdCard.o
                0x0000000008002b2c                SdCard::SdCard(char const*, char const*)
                0x0000000008002b2c                SdCard::SdCard(char const*, char const*)
 .text._ZN6SdCard5printEPc
                0x0000000008002b6c       0x8c ./Core/Src/SdCard.o
                0x0000000008002b6c                SdCard::print(char*)
 .text._ZN6SdCard5clearEPc
                0x0000000008002bf8       0x58 ./Core/Src/SdCard.o
                0x0000000008002bf8                SdCard::clear(char*)
 .text._ZN6SdCard5writeEPcS0_
                0x0000000008002c50       0xa8 ./Core/Src/SdCard.o
                0x0000000008002c50                SdCard::write(char*, char*)
 .text._ZN6SdCard5mountEv
                0x0000000008002cf8       0x40 ./Core/Src/SdCard.o
                0x0000000008002cf8                SdCard::mount()
 .text.communication
                0x0000000008002d38      0x108 ./Core/Src/commTask.o
                0x0000000008002d38                communication
 .text.handleCommand
                0x0000000008002e40       0x64 ./Core/Src/commTask.o
                0x0000000008002e40                handleCommand
 .text._Z41__static_initialization_and_destruction_0ii
                0x0000000008002ea4       0x44 ./Core/Src/commTask.o
 .text._GLOBAL__sub_I_cmdbuffer
                0x0000000008002ee8       0x10 ./Core/Src/commTask.o
 .text._GLOBAL__sub_D_cmdbuffer
                0x0000000008002ef8       0x10 ./Core/Src/commTask.o
 .text._write   0x0000000008002f08       0x2c ./Core/Src/main.o
                0x0000000008002f08                _write
 .text.main     0x0000000008002f34      0x114 ./Core/Src/main.o
                0x0000000008002f34                main
 .text.SystemClock_Config
                0x0000000008003048       0xa2 ./Core/Src/main.o
                0x0000000008003048                SystemClock_Config
 *fill*         0x00000000080030ea        0x2 
 .text.MX_I2C1_Init
                0x00000000080030ec       0x80 ./Core/Src/main.o
 .text.MX_SPI1_Init
                0x000000000800316c       0x7c ./Core/Src/main.o
 .text.MX_TIM3_Init
                0x00000000080031e8       0xb4 ./Core/Src/main.o
 .text.MX_TIM6_Init
                0x000000000800329c       0x6c ./Core/Src/main.o
 .text.MX_TIM7_Init
                0x0000000008003308       0x6c ./Core/Src/main.o
 .text.MX_USART2_UART_Init
                0x0000000008003374       0x60 ./Core/Src/main.o
 .text.MX_GPIO_Init
                0x00000000080033d4      0x178 ./Core/Src/main.o
 .text.StartDefaultTask
                0x000000000800354c       0x10 ./Core/Src/main.o
                0x000000000800354c                StartDefaultTask
 .text.StartTask02
                0x000000000800355c       0x1e ./Core/Src/main.o
                0x000000000800355c                StartTask02
 .text.StartTask03
                0x000000000800357a       0x16 ./Core/Src/main.o
                0x000000000800357a                StartTask03
 .text.StartTask04
                0x0000000008003590       0x14 ./Core/Src/main.o
                0x0000000008003590                StartTask04
 .text.StartTask05
                0x00000000080035a4        0xa ./Core/Src/main.o
                0x00000000080035a4                StartTask05
 .text.StartTask06
                0x00000000080035ae       0x16 ./Core/Src/main.o
                0x00000000080035ae                StartTask06
 .text.StartTask07
                0x00000000080035c4       0x14 ./Core/Src/main.o
                0x00000000080035c4                StartTask07
 .text.Error_Handler
                0x00000000080035d8        0xa ./Core/Src/main.o
                0x00000000080035d8                Error_Handler
 *fill*         0x00000000080035e2        0x2 
 .text.HAL_MspInit
                0x00000000080035e4       0x50 ./Core/Src/stm32l4xx_hal_msp.o
                0x00000000080035e4                HAL_MspInit
 .text.HAL_I2C_MspInit
                0x0000000008003634       0xbc ./Core/Src/stm32l4xx_hal_msp.o
                0x0000000008003634                HAL_I2C_MspInit
 .text.HAL_SPI_MspInit
                0x00000000080036f0       0x84 ./Core/Src/stm32l4xx_hal_msp.o
                0x00000000080036f0                HAL_SPI_MspInit
 .text.HAL_TIM_PWM_MspInit
                0x0000000008003774       0x4c ./Core/Src/stm32l4xx_hal_msp.o
                0x0000000008003774                HAL_TIM_PWM_MspInit
 .text.HAL_TIM_Base_MspInit
                0x00000000080037c0       0x74 ./Core/Src/stm32l4xx_hal_msp.o
                0x00000000080037c0                HAL_TIM_Base_MspInit
 .text.HAL_TIM_MspPostInit
                0x0000000008003834       0x70 ./Core/Src/stm32l4xx_hal_msp.o
                0x0000000008003834                HAL_TIM_MspPostInit
 .text.HAL_UART_MspInit
                0x00000000080038a4       0xb8 ./Core/Src/stm32l4xx_hal_msp.o
                0x00000000080038a4                HAL_UART_MspInit
 .text.NMI_Handler
                0x000000000800395c        0x6 ./Core/Src/stm32l4xx_it.o
                0x000000000800395c                NMI_Handler
 .text.HardFault_Handler
                0x0000000008003962        0x6 ./Core/Src/stm32l4xx_it.o
                0x0000000008003962                HardFault_Handler
 .text.MemManage_Handler
                0x0000000008003968        0x6 ./Core/Src/stm32l4xx_it.o
                0x0000000008003968                MemManage_Handler
 .text.BusFault_Handler
                0x000000000800396e        0x6 ./Core/Src/stm32l4xx_it.o
                0x000000000800396e                BusFault_Handler
 .text.UsageFault_Handler
                0x0000000008003974        0x6 ./Core/Src/stm32l4xx_it.o
                0x0000000008003974                UsageFault_Handler
 .text.DebugMon_Handler
                0x000000000800397a        0xe ./Core/Src/stm32l4xx_it.o
                0x000000000800397a                DebugMon_Handler
 .text.SysTick_Handler
                0x0000000008003988       0x1a ./Core/Src/stm32l4xx_it.o
                0x0000000008003988                SysTick_Handler
 .text.EXTI3_IRQHandler
                0x00000000080039a2        0xe ./Core/Src/stm32l4xx_it.o
                0x00000000080039a2                EXTI3_IRQHandler
 .text.EXTI9_5_IRQHandler
                0x00000000080039b0        0xe ./Core/Src/stm32l4xx_it.o
                0x00000000080039b0                EXTI9_5_IRQHandler
 *fill*         0x00000000080039be        0x2 
 .text.TIM3_IRQHandler
                0x00000000080039c0       0x14 ./Core/Src/stm32l4xx_it.o
                0x00000000080039c0                TIM3_IRQHandler
 .text.EXTI15_10_IRQHandler
                0x00000000080039d4       0x18 ./Core/Src/stm32l4xx_it.o
                0x00000000080039d4                EXTI15_10_IRQHandler
 .text.TIM7_IRQHandler
                0x00000000080039ec       0x14 ./Core/Src/stm32l4xx_it.o
                0x00000000080039ec                TIM7_IRQHandler
 .text._getpid  0x0000000008003a00       0x10 ./Core/Src/syscalls.o
                0x0000000008003a00                _getpid
 .text._kill    0x0000000008003a10       0x20 ./Core/Src/syscalls.o
                0x0000000008003a10                _kill
 .text._exit    0x0000000008003a30       0x14 ./Core/Src/syscalls.o
                0x0000000008003a30                _exit
 .text._read    0x0000000008003a44       0x3a ./Core/Src/syscalls.o
                0x0000000008003a44                _read
 .text._close   0x0000000008003a7e       0x18 ./Core/Src/syscalls.o
                0x0000000008003a7e                _close
 .text._fstat   0x0000000008003a96       0x20 ./Core/Src/syscalls.o
                0x0000000008003a96                _fstat
 .text._isatty  0x0000000008003ab6       0x16 ./Core/Src/syscalls.o
                0x0000000008003ab6                _isatty
 .text._lseek   0x0000000008003acc       0x1a ./Core/Src/syscalls.o
                0x0000000008003acc                _lseek
 *fill*         0x0000000008003ae6        0x2 
 .text._sbrk    0x0000000008003ae8       0x6c ./Core/Src/sysmem.o
                0x0000000008003ae8                _sbrk
 .text.SystemInit
                0x0000000008003b54       0x24 ./Core/Src/system_stm32l4xx.o
                0x0000000008003b54                SystemInit
 .text.Reset_Handler
                0x0000000008003b78       0x50 ./Core/Startup/startup_stm32l476rgtx.o
                0x0000000008003b78                Reset_Handler
 .text.Default_Handler
                0x0000000008003bc8        0x2 ./Core/Startup/startup_stm32l476rgtx.o
                0x0000000008003bc8                RTC_Alarm_IRQHandler
                0x0000000008003bc8                EXTI2_IRQHandler
                0x0000000008003bc8                TIM8_TRG_COM_IRQHandler
                0x0000000008003bc8                TIM8_CC_IRQHandler
                0x0000000008003bc8                TIM1_CC_IRQHandler
                0x0000000008003bc8                TSC_IRQHandler
                0x0000000008003bc8                TAMP_STAMP_IRQHandler
                0x0000000008003bc8                LPTIM2_IRQHandler
                0x0000000008003bc8                DFSDM1_FLT1_IRQHandler
                0x0000000008003bc8                I2C3_ER_IRQHandler
                0x0000000008003bc8                DFSDM1_FLT2_IRQHandler
                0x0000000008003bc8                EXTI0_IRQHandler
                0x0000000008003bc8                I2C2_EV_IRQHandler
                0x0000000008003bc8                CAN1_RX0_IRQHandler
                0x0000000008003bc8                FPU_IRQHandler
                0x0000000008003bc8                TIM1_UP_TIM16_IRQHandler
                0x0000000008003bc8                ADC1_2_IRQHandler
                0x0000000008003bc8                SPI1_IRQHandler
                0x0000000008003bc8                TIM6_DAC_IRQHandler
                0x0000000008003bc8                TIM8_UP_IRQHandler
                0x0000000008003bc8                DMA2_Channel2_IRQHandler
                0x0000000008003bc8                DMA1_Channel4_IRQHandler
                0x0000000008003bc8                SAI2_IRQHandler
                0x0000000008003bc8                DFSDM1_FLT3_IRQHandler
                0x0000000008003bc8                USART3_IRQHandler
                0x0000000008003bc8                DMA1_Channel7_IRQHandler
                0x0000000008003bc8                CAN1_RX1_IRQHandler
                0x0000000008003bc8                LCD_IRQHandler
                0x0000000008003bc8                UART5_IRQHandler
                0x0000000008003bc8                ADC3_IRQHandler
                0x0000000008003bc8                TIM4_IRQHandler
                0x0000000008003bc8                DMA2_Channel1_IRQHandler
                0x0000000008003bc8                QUADSPI_IRQHandler
                0x0000000008003bc8                I2C1_EV_IRQHandler
                0x0000000008003bc8                DMA1_Channel6_IRQHandler
                0x0000000008003bc8                UART4_IRQHandler
                0x0000000008003bc8                DMA2_Channel4_IRQHandler
                0x0000000008003bc8                RCC_IRQHandler
                0x0000000008003bc8                DMA1_Channel1_IRQHandler
                0x0000000008003bc8                Default_Handler
                0x0000000008003bc8                DMA2_Channel7_IRQHandler
                0x0000000008003bc8                SDMMC1_IRQHandler
                0x0000000008003bc8                TIM5_IRQHandler
                0x0000000008003bc8                I2C3_EV_IRQHandler
                0x0000000008003bc8                RTC_WKUP_IRQHandler
                0x0000000008003bc8                PVD_PVM_IRQHandler
                0x0000000008003bc8                SPI2_IRQHandler
                0x0000000008003bc8                CAN1_TX_IRQHandler
                0x0000000008003bc8                DMA2_Channel5_IRQHandler
                0x0000000008003bc8                DMA1_Channel5_IRQHandler
                0x0000000008003bc8                EXTI4_IRQHandler
                0x0000000008003bc8                RNG_IRQHandler
                0x0000000008003bc8                TIM1_TRG_COM_TIM17_IRQHandler
                0x0000000008003bc8                DMA1_Channel3_IRQHandler
                0x0000000008003bc8                COMP_IRQHandler
                0x0000000008003bc8                WWDG_IRQHandler
                0x0000000008003bc8                LPUART1_IRQHandler
                0x0000000008003bc8                DMA2_Channel6_IRQHandler
                0x0000000008003bc8                TIM2_IRQHandler
                0x0000000008003bc8                EXTI1_IRQHandler
                0x0000000008003bc8                USART2_IRQHandler
                0x0000000008003bc8                DFSDM1_FLT0_IRQHandler
                0x0000000008003bc8                I2C2_ER_IRQHandler
                0x0000000008003bc8                DMA1_Channel2_IRQHandler
                0x0000000008003bc8                TIM8_BRK_IRQHandler
                0x0000000008003bc8                CAN1_SCE_IRQHandler
                0x0000000008003bc8                FLASH_IRQHandler
                0x0000000008003bc8                USART1_IRQHandler
                0x0000000008003bc8                OTG_FS_IRQHandler
                0x0000000008003bc8                SPI3_IRQHandler
                0x0000000008003bc8                I2C1_ER_IRQHandler
                0x0000000008003bc8                FMC_IRQHandler
                0x0000000008003bc8                SWPMI1_IRQHandler
                0x0000000008003bc8                LPTIM1_IRQHandler
                0x0000000008003bc8                SAI1_IRQHandler
                0x0000000008003bc8                DMA2_Channel3_IRQHandler
                0x0000000008003bc8                TIM1_BRK_TIM15_IRQHandler
 *fill*         0x0000000008003bca        0x2 
 .text.HAL_Init
                0x0000000008003bcc       0x40 ./Drivers/STM32L4xx_HAL_Driver/Src/stm32l4xx_hal.o
                0x0000000008003bcc                HAL_Init
 .text.HAL_InitTick
                0x0000000008003c0c       0x78 ./Drivers/STM32L4xx_HAL_Driver/Src/stm32l4xx_hal.o
                0x0000000008003c0c                HAL_InitTick
 .text.HAL_IncTick
                0x0000000008003c84       0x28 ./Drivers/STM32L4xx_HAL_Driver/Src/stm32l4xx_hal.o
                0x0000000008003c84                HAL_IncTick
 .text.HAL_GetTick
                0x0000000008003cac       0x18 ./Drivers/STM32L4xx_HAL_Driver/Src/stm32l4xx_hal.o
                0x0000000008003cac                HAL_GetTick
 .text.__NVIC_SetPriorityGrouping
                0x0000000008003cc4       0x48 ./Drivers/STM32L4xx_HAL_Driver/Src/stm32l4xx_hal_cortex.o
 .text.__NVIC_GetPriorityGrouping
                0x0000000008003d0c       0x1c ./Drivers/STM32L4xx_HAL_Driver/Src/stm32l4xx_hal_cortex.o
 .text.__NVIC_EnableIRQ
                0x0000000008003d28       0x3c ./Drivers/STM32L4xx_HAL_Driver/Src/stm32l4xx_hal_cortex.o
 .text.__NVIC_SetPriority
                0x0000000008003d64       0x54 ./Drivers/STM32L4xx_HAL_Driver/Src/stm32l4xx_hal_cortex.o
 .text.NVIC_EncodePriority
                0x0000000008003db8       0x66 ./Drivers/STM32L4xx_HAL_Driver/Src/stm32l4xx_hal_cortex.o
 *fill*         0x0000000008003e1e        0x2 
 .text.SysTick_Config
                0x0000000008003e20       0x44 ./Drivers/STM32L4xx_HAL_Driver/Src/stm32l4xx_hal_cortex.o
 .text.HAL_NVIC_SetPriorityGrouping
                0x0000000008003e64       0x16 ./Drivers/STM32L4xx_HAL_Driver/Src/stm32l4xx_hal_cortex.o
                0x0000000008003e64                HAL_NVIC_SetPriorityGrouping
 .text.HAL_NVIC_SetPriority
                0x0000000008003e7a       0x38 ./Drivers/STM32L4xx_HAL_Driver/Src/stm32l4xx_hal_cortex.o
                0x0000000008003e7a                HAL_NVIC_SetPriority
 .text.HAL_NVIC_EnableIRQ
                0x0000000008003eb2       0x1c ./Drivers/STM32L4xx_HAL_Driver/Src/stm32l4xx_hal_cortex.o
                0x0000000008003eb2                HAL_NVIC_EnableIRQ
 .text.HAL_SYSTICK_Config
                0x0000000008003ece       0x18 ./Drivers/STM32L4xx_HAL_Driver/Src/stm32l4xx_hal_cortex.o
                0x0000000008003ece                HAL_SYSTICK_Config
 *fill*         0x0000000008003ee6        0x2 
 .text.HAL_FLASH_Program
                0x0000000008003ee8       0xd8 ./Drivers/STM32L4xx_HAL_Driver/Src/stm32l4xx_hal_flash.o
                0x0000000008003ee8                HAL_FLASH_Program
 .text.HAL_FLASH_Unlock
                0x0000000008003fc0       0x44 ./Drivers/STM32L4xx_HAL_Driver/Src/stm32l4xx_hal_flash.o
                0x0000000008003fc0                HAL_FLASH_Unlock
 .text.HAL_FLASH_Lock
                0x0000000008004004       0x20 ./Drivers/STM32L4xx_HAL_Driver/Src/stm32l4xx_hal_flash.o
                0x0000000008004004                HAL_FLASH_Lock
 .text.FLASH_WaitForLastOperation
                0x0000000008004024       0xac ./Drivers/STM32L4xx_HAL_Driver/Src/stm32l4xx_hal_flash.o
                0x0000000008004024                FLASH_WaitForLastOperation
 .text.FLASH_Program_DoubleWord
                0x00000000080040d0       0x4c ./Drivers/STM32L4xx_HAL_Driver/Src/stm32l4xx_hal_flash.o
 .text.FLASH_Program_Fast
                0x000000000800411c       0x6c ./Drivers/STM32L4xx_HAL_Driver/Src/stm32l4xx_hal_flash.o
 .text.HAL_FLASHEx_Erase
                0x0000000008004188      0x138 ./Drivers/STM32L4xx_HAL_Driver/Src/stm32l4xx_hal_flash_ex.o
                0x0000000008004188                HAL_FLASHEx_Erase
 .text.FLASH_MassErase
                0x00000000080042c0       0x50 ./Drivers/STM32L4xx_HAL_Driver/Src/stm32l4xx_hal_flash_ex.o
 .text.FLASH_PageErase
                0x0000000008004310       0x6c ./Drivers/STM32L4xx_HAL_Driver/Src/stm32l4xx_hal_flash_ex.o
                0x0000000008004310                FLASH_PageErase
 .text.FLASH_FlushCaches
                0x000000000800437c       0x94 ./Drivers/STM32L4xx_HAL_Driver/Src/stm32l4xx_hal_flash_ex.o
                0x000000000800437c                FLASH_FlushCaches
 .text.HAL_GPIO_Init
                0x0000000008004410      0x354 ./Drivers/STM32L4xx_HAL_Driver/Src/stm32l4xx_hal_gpio.o
                0x0000000008004410                HAL_GPIO_Init
 .text.HAL_GPIO_ReadPin
                0x0000000008004764       0x30 ./Drivers/STM32L4xx_HAL_Driver/Src/stm32l4xx_hal_gpio.o
                0x0000000008004764                HAL_GPIO_ReadPin
 .text.HAL_GPIO_WritePin
                0x0000000008004794       0x30 ./Drivers/STM32L4xx_HAL_Driver/Src/stm32l4xx_hal_gpio.o
                0x0000000008004794                HAL_GPIO_WritePin
 .text.HAL_GPIO_TogglePin
                0x00000000080047c4       0x34 ./Drivers/STM32L4xx_HAL_Driver/Src/stm32l4xx_hal_gpio.o
                0x00000000080047c4                HAL_GPIO_TogglePin
 .text.HAL_GPIO_EXTI_IRQHandler
                0x00000000080047f8       0x30 ./Drivers/STM32L4xx_HAL_Driver/Src/stm32l4xx_hal_gpio.o
                0x00000000080047f8                HAL_GPIO_EXTI_IRQHandler
 .text.HAL_I2C_Init
                0x0000000008004828      0x11e ./Drivers/STM32L4xx_HAL_Driver/Src/stm32l4xx_hal_i2c.o
                0x0000000008004828                HAL_I2C_Init
 *fill*         0x0000000008004946        0x2 
 .text.HAL_I2C_Mem_Read
                0x0000000008004948      0x234 ./Drivers/STM32L4xx_HAL_Driver/Src/stm32l4xx_hal_i2c.o
                0x0000000008004948                HAL_I2C_Mem_Read
 .text.I2C_RequestMemoryRead
                0x0000000008004b7c       0xa8 ./Drivers/STM32L4xx_HAL_Driver/Src/stm32l4xx_hal_i2c.o
 .text.I2C_Flush_TXDR
                0x0000000008004c24       0x48 ./Drivers/STM32L4xx_HAL_Driver/Src/stm32l4xx_hal_i2c.o
 .text.I2C_WaitOnFlagUntilTimeout
                0x0000000008004c6c       0x80 ./Drivers/STM32L4xx_HAL_Driver/Src/stm32l4xx_hal_i2c.o
 .text.I2C_WaitOnTXISFlagUntilTimeout
                0x0000000008004cec       0x80 ./Drivers/STM32L4xx_HAL_Driver/Src/stm32l4xx_hal_i2c.o
 .text.I2C_WaitOnSTOPFlagUntilTimeout
                0x0000000008004d6c       0x78 ./Drivers/STM32L4xx_HAL_Driver/Src/stm32l4xx_hal_i2c.o
 .text.I2C_IsErrorOccurred
                0x0000000008004de4      0x1d8 ./Drivers/STM32L4xx_HAL_Driver/Src/stm32l4xx_hal_i2c.o
 .text.I2C_TransferConfig
                0x0000000008004fbc       0x64 ./Drivers/STM32L4xx_HAL_Driver/Src/stm32l4xx_hal_i2c.o
 .text.HAL_I2CEx_ConfigAnalogFilter
                0x0000000008005020       0x96 ./Drivers/STM32L4xx_HAL_Driver/Src/stm32l4xx_hal_i2c_ex.o
                0x0000000008005020                HAL_I2CEx_ConfigAnalogFilter
 .text.HAL_I2CEx_ConfigDigitalFilter
                0x00000000080050b6       0x98 ./Drivers/STM32L4xx_HAL_Driver/Src/stm32l4xx_hal_i2c_ex.o
                0x00000000080050b6                HAL_I2CEx_ConfigDigitalFilter
 *fill*         0x000000000800514e        0x2 
 .text.HAL_PWREx_GetVoltageRange
                0x0000000008005150       0x1c ./Drivers/STM32L4xx_HAL_Driver/Src/stm32l4xx_hal_pwr_ex.o
                0x0000000008005150                HAL_PWREx_GetVoltageRange
 .text.HAL_PWREx_ControlVoltageScaling
                0x000000000800516c       0xac ./Drivers/STM32L4xx_HAL_Driver/Src/stm32l4xx_hal_pwr_ex.o
                0x000000000800516c                HAL_PWREx_ControlVoltageScaling
 .text.HAL_RCC_OscConfig
                0x0000000008005218      0x7b8 ./Drivers/STM32L4xx_HAL_Driver/Src/stm32l4xx_hal_rcc.o
                0x0000000008005218                HAL_RCC_OscConfig
 .text.HAL_RCC_ClockConfig
                0x00000000080059d0      0x200 ./Drivers/STM32L4xx_HAL_Driver/Src/stm32l4xx_hal_rcc.o
                0x00000000080059d0                HAL_RCC_ClockConfig
 .text.HAL_RCC_GetSysClockFreq
                0x0000000008005bd0      0x118 ./Drivers/STM32L4xx_HAL_Driver/Src/stm32l4xx_hal_rcc.o
                0x0000000008005bd0                HAL_RCC_GetSysClockFreq
 .text.HAL_RCC_GetHCLKFreq
                0x0000000008005ce8       0x18 ./Drivers/STM32L4xx_HAL_Driver/Src/stm32l4xx_hal_rcc.o
                0x0000000008005ce8                HAL_RCC_GetHCLKFreq
 .text.HAL_RCC_GetPCLK1Freq
                0x0000000008005d00       0x2c ./Drivers/STM32L4xx_HAL_Driver/Src/stm32l4xx_hal_rcc.o
                0x0000000008005d00                HAL_RCC_GetPCLK1Freq
 .text.HAL_RCC_GetPCLK2Freq
                0x0000000008005d2c       0x2c ./Drivers/STM32L4xx_HAL_Driver/Src/stm32l4xx_hal_rcc.o
                0x0000000008005d2c                HAL_RCC_GetPCLK2Freq
 .text.RCC_SetFlashLatencyFromMSIRange
                0x0000000008005d58       0xc0 ./Drivers/STM32L4xx_HAL_Driver/Src/stm32l4xx_hal_rcc.o
 .text.HAL_RCCEx_PeriphCLKConfig
                0x0000000008005e18      0x5d4 ./Drivers/STM32L4xx_HAL_Driver/Src/stm32l4xx_hal_rcc_ex.o
                0x0000000008005e18                HAL_RCCEx_PeriphCLKConfig
 .text.RCCEx_PLLSAI1_Config
                0x00000000080063ec      0x1e8 ./Drivers/STM32L4xx_HAL_Driver/Src/stm32l4xx_hal_rcc_ex.o
 .text.RCCEx_PLLSAI2_Config
                0x00000000080065d4      0x1bc ./Drivers/STM32L4xx_HAL_Driver/Src/stm32l4xx_hal_rcc_ex.o
 .text.HAL_SPI_Init
                0x0000000008006790      0x146 ./Drivers/STM32L4xx_HAL_Driver/Src/stm32l4xx_hal_spi.o
                0x0000000008006790                HAL_SPI_Init
 .text.HAL_SPI_TransmitReceive
                0x00000000080068d6      0x426 ./Drivers/STM32L4xx_HAL_Driver/Src/stm32l4xx_hal_spi.o
                0x00000000080068d6                HAL_SPI_TransmitReceive
 .text.SPI_WaitFlagStateUntilTimeout
                0x0000000008006cfc      0x110 ./Drivers/STM32L4xx_HAL_Driver/Src/stm32l4xx_hal_spi.o
 .text.SPI_WaitFifoStateUntilTimeout
                0x0000000008006e0c      0x12c ./Drivers/STM32L4xx_HAL_Driver/Src/stm32l4xx_hal_spi.o
 .text.SPI_EndRxTxTransaction
                0x0000000008006f38       0x8c ./Drivers/STM32L4xx_HAL_Driver/Src/stm32l4xx_hal_spi.o
 .text.HAL_TIM_Base_Init
                0x0000000008006fc4       0xae ./Drivers/STM32L4xx_HAL_Driver/Src/stm32l4xx_hal_tim.o
                0x0000000008006fc4                HAL_TIM_Base_Init
 *fill*         0x0000000008007072        0x2 
 .text.HAL_TIM_Base_Start
                0x0000000008007074       0xd0 ./Drivers/STM32L4xx_HAL_Driver/Src/stm32l4xx_hal_tim.o
                0x0000000008007074                HAL_TIM_Base_Start
 .text.HAL_TIM_Base_Stop
                0x0000000008007144       0x4e ./Drivers/STM32L4xx_HAL_Driver/Src/stm32l4xx_hal_tim.o
                0x0000000008007144                HAL_TIM_Base_Stop
 .text.HAL_TIM_PWM_Init
                0x0000000008007192       0xae ./Drivers/STM32L4xx_HAL_Driver/Src/stm32l4xx_hal_tim.o
                0x0000000008007192                HAL_TIM_PWM_Init
 .text.HAL_TIM_PWM_Start
                0x0000000008007240      0x20c ./Drivers/STM32L4xx_HAL_Driver/Src/stm32l4xx_hal_tim.o
                0x0000000008007240                HAL_TIM_PWM_Start
 .text.HAL_TIM_PWM_Stop
                0x000000000800744c      0x12c ./Drivers/STM32L4xx_HAL_Driver/Src/stm32l4xx_hal_tim.o
                0x000000000800744c                HAL_TIM_PWM_Stop
 .text.HAL_TIM_IRQHandler
                0x0000000008007578      0x23e ./Drivers/STM32L4xx_HAL_Driver/Src/stm32l4xx_hal_tim.o
                0x0000000008007578                HAL_TIM_IRQHandler
 *fill*         0x00000000080077b6        0x2 
 .text.HAL_TIM_PWM_ConfigChannel
                0x00000000080077b8      0x228 ./Drivers/STM32L4xx_HAL_Driver/Src/stm32l4xx_hal_tim.o
                0x00000000080077b8                HAL_TIM_PWM_ConfigChannel
 .text.HAL_TIM_PeriodElapsedCallback
                0x00000000080079e0       0x14 ./Drivers/STM32L4xx_HAL_Driver/Src/stm32l4xx_hal_tim.o
                0x00000000080079e0                HAL_TIM_PeriodElapsedCallback
 .text.HAL_TIM_OC_DelayElapsedCallback
                0x00000000080079f4       0x14 ./Drivers/STM32L4xx_HAL_Driver/Src/stm32l4xx_hal_tim.o
                0x00000000080079f4                HAL_TIM_OC_DelayElapsedCallback
 .text.HAL_TIM_IC_CaptureCallback
                0x0000000008007a08       0x14 ./Drivers/STM32L4xx_HAL_Driver/Src/stm32l4xx_hal_tim.o
                0x0000000008007a08                HAL_TIM_IC_CaptureCallback
 .text.HAL_TIM_PWM_PulseFinishedCallback
                0x0000000008007a1c       0x14 ./Drivers/STM32L4xx_HAL_Driver/Src/stm32l4xx_hal_tim.o
                0x0000000008007a1c                HAL_TIM_PWM_PulseFinishedCallback
 .text.HAL_TIM_TriggerCallback
                0x0000000008007a30       0x14 ./Drivers/STM32L4xx_HAL_Driver/Src/stm32l4xx_hal_tim.o
                0x0000000008007a30                HAL_TIM_TriggerCallback
 .text.TIM_Base_SetConfig
                0x0000000008007a44      0x134 ./Drivers/STM32L4xx_HAL_Driver/Src/stm32l4xx_hal_tim.o
                0x0000000008007a44                TIM_Base_SetConfig
 .text.TIM_OC1_SetConfig
                0x0000000008007b78      0x120 ./Drivers/STM32L4xx_HAL_Driver/Src/stm32l4xx_hal_tim.o
 .text.TIM_OC2_SetConfig
                0x0000000008007c98      0x114 ./Drivers/STM32L4xx_HAL_Driver/Src/stm32l4xx_hal_tim.o
                0x0000000008007c98                TIM_OC2_SetConfig
 .text.TIM_OC3_SetConfig
                0x0000000008007dac      0x110 ./Drivers/STM32L4xx_HAL_Driver/Src/stm32l4xx_hal_tim.o
 .text.TIM_OC4_SetConfig
                0x0000000008007ebc       0xd4 ./Drivers/STM32L4xx_HAL_Driver/Src/stm32l4xx_hal_tim.o
 .text.TIM_OC5_SetConfig
                0x0000000008007f90       0xc8 ./Drivers/STM32L4xx_HAL_Driver/Src/stm32l4xx_hal_tim.o
 .text.TIM_OC6_SetConfig
                0x0000000008008058       0xcc ./Drivers/STM32L4xx_HAL_Driver/Src/stm32l4xx_hal_tim.o
 .text.TIM_CCxChannelCmd
                0x0000000008008124       0x4a ./Drivers/STM32L4xx_HAL_Driver/Src/stm32l4xx_hal_tim.o
                0x0000000008008124                TIM_CCxChannelCmd
 *fill*         0x000000000800816e        0x2 
 .text.HAL_TIMEx_MasterConfigSynchronization
                0x0000000008008170      0x110 ./Drivers/STM32L4xx_HAL_Driver/Src/stm32l4xx_hal_tim_ex.o
                0x0000000008008170                HAL_TIMEx_MasterConfigSynchronization
 .text.HAL_TIMEx_CommutCallback
                0x0000000008008280       0x14 ./Drivers/STM32L4xx_HAL_Driver/Src/stm32l4xx_hal_tim_ex.o
                0x0000000008008280                HAL_TIMEx_CommutCallback
 .text.HAL_TIMEx_BreakCallback
                0x0000000008008294       0x14 ./Drivers/STM32L4xx_HAL_Driver/Src/stm32l4xx_hal_tim_ex.o
                0x0000000008008294                HAL_TIMEx_BreakCallback
 .text.HAL_TIMEx_Break2Callback
                0x00000000080082a8       0x14 ./Drivers/STM32L4xx_HAL_Driver/Src/stm32l4xx_hal_tim_ex.o
                0x00000000080082a8                HAL_TIMEx_Break2Callback
 .text.HAL_UART_Init
                0x00000000080082bc       0x9c ./Drivers/STM32L4xx_HAL_Driver/Src/stm32l4xx_hal_uart.o
                0x00000000080082bc                HAL_UART_Init
 .text.HAL_UART_Transmit
                0x0000000008008358      0x128 ./Drivers/STM32L4xx_HAL_Driver/Src/stm32l4xx_hal_uart.o
                0x0000000008008358                HAL_UART_Transmit
 .text.HAL_UART_Receive
                0x0000000008008480      0x1a2 ./Drivers/STM32L4xx_HAL_Driver/Src/stm32l4xx_hal_uart.o
                0x0000000008008480                HAL_UART_Receive
 *fill*         0x0000000008008622        0x2 
 .text.UART_SetConfig
                0x0000000008008624      0x570 ./Drivers/STM32L4xx_HAL_Driver/Src/stm32l4xx_hal_uart.o
                0x0000000008008624                UART_SetConfig
 .text.UART_AdvFeatureConfig
                0x0000000008008b94      0x144 ./Drivers/STM32L4xx_HAL_Driver/Src/stm32l4xx_hal_uart.o
                0x0000000008008b94                UART_AdvFeatureConfig
 .text.UART_CheckIdleState
                0x0000000008008cd8       0x92 ./Drivers/STM32L4xx_HAL_Driver/Src/stm32l4xx_hal_uart.o
                0x0000000008008cd8                UART_CheckIdleState
 .text.UART_WaitOnFlagUntilTimeout
                0x0000000008008d6a      0x188 ./Drivers/STM32L4xx_HAL_Driver/Src/stm32l4xx_hal_uart.o
                0x0000000008008d6a                UART_WaitOnFlagUntilTimeout
 *fill*         0x0000000008008ef2        0x2 
 .text.MX_FATFS_Init
                0x0000000008008ef4       0x24 ./FATFS/App/fatfs.o
                0x0000000008008ef4                MX_FATFS_Init
 .text.get_fattime
                0x0000000008008f18       0x10 ./FATFS/App/fatfs.o
                0x0000000008008f18                get_fattime
 .text.USER_initialize
                0x0000000008008f28       0x1c ./FATFS/Target/user_diskio.o
                0x0000000008008f28                USER_initialize
 .text.USER_status
                0x0000000008008f44       0x1c ./FATFS/Target/user_diskio.o
                0x0000000008008f44                USER_status
 .text.USER_read
                0x0000000008008f60       0x26 ./FATFS/Target/user_diskio.o
                0x0000000008008f60                USER_read
 .text.USER_write
                0x0000000008008f86       0x26 ./FATFS/Target/user_diskio.o
                0x0000000008008f86                USER_write
 .text.USER_ioctl
                0x0000000008008fac       0x26 ./FATFS/Target/user_diskio.o
                0x0000000008008fac                USER_ioctl
 *fill*         0x0000000008008fd2        0x2 
 .text.SPI_Timer_On
                0x0000000008008fd4       0x28 ./FATFS/Target/user_diskio_spi.o
                0x0000000008008fd4                SPI_Timer_On
 .text.SPI_Timer_Status
                0x0000000008008ffc       0x2c ./FATFS/Target/user_diskio_spi.o
                0x0000000008008ffc                SPI_Timer_Status
 .text.xchg_spi
                0x0000000008009028       0x2c ./FATFS/Target/user_diskio_spi.o
 .text.rcvr_spi_multi
                0x0000000008009054       0x38 ./FATFS/Target/user_diskio_spi.o
 .text.xmit_spi_multi
                0x000000000800908c       0x36 ./FATFS/Target/user_diskio_spi.o
 .text.wait_ready
                0x00000000080090c2       0x46 ./FATFS/Target/user_diskio_spi.o
 .text.despiselect
                0x0000000008009108       0x1c ./FATFS/Target/user_diskio_spi.o
 .text.spiselect
                0x0000000008009124       0x34 ./FATFS/Target/user_diskio_spi.o
 .text.rcvr_datablock
                0x0000000008009158       0x52 ./FATFS/Target/user_diskio_spi.o
 .text.xmit_datablock
                0x00000000080091aa       0x64 ./FATFS/Target/user_diskio_spi.o
 .text.send_cmd
                0x000000000800920e       0xde ./FATFS/Target/user_diskio_spi.o
 .text.USER_SPI_initialize
                0x00000000080092ec      0x1d8 ./FATFS/Target/user_diskio_spi.o
                0x00000000080092ec                USER_SPI_initialize
 .text.USER_SPI_status
                0x00000000080094c4       0x2c ./FATFS/Target/user_diskio_spi.o
                0x00000000080094c4                USER_SPI_status
 .text.USER_SPI_read
                0x00000000080094f0       0xcc ./FATFS/Target/user_diskio_spi.o
                0x00000000080094f0                USER_SPI_read
 .text.USER_SPI_write
                0x00000000080095bc       0xf8 ./FATFS/Target/user_diskio_spi.o
                0x00000000080095bc                USER_SPI_write
 .text.USER_SPI_ioctl
                0x00000000080096b4      0x2e0 ./FATFS/Target/user_diskio_spi.o
                0x00000000080096b4                USER_SPI_ioctl
 .text.disk_status
                0x0000000008009994       0x34 ./Middlewares/Third_Party/FatFs/src/diskio.o
                0x0000000008009994                disk_status
 .text.disk_initialize
                0x00000000080099c8       0x4c ./Middlewares/Third_Party/FatFs/src/diskio.o
                0x00000000080099c8                disk_initialize
 .text.disk_read
                0x0000000008009a14       0x40 ./Middlewares/Third_Party/FatFs/src/diskio.o
                0x0000000008009a14                disk_read
 .text.disk_write
                0x0000000008009a54       0x40 ./Middlewares/Third_Party/FatFs/src/diskio.o
                0x0000000008009a54                disk_write
 .text.disk_ioctl
                0x0000000008009a94       0x3c ./Middlewares/Third_Party/FatFs/src/diskio.o
                0x0000000008009a94                disk_ioctl
 .text.ld_word  0x0000000008009ad0       0x30 ./Middlewares/Third_Party/FatFs/src/ff.o
 .text.ld_dword
                0x0000000008009b00       0x46 ./Middlewares/Third_Party/FatFs/src/ff.o
 .text.st_word  0x0000000008009b46       0x36 ./Middlewares/Third_Party/FatFs/src/ff.o
 .text.st_dword
                0x0000000008009b7c       0x58 ./Middlewares/Third_Party/FatFs/src/ff.o
 .text.mem_cpy  0x0000000008009bd4       0x42 ./Middlewares/Third_Party/FatFs/src/ff.o
 .text.mem_set  0x0000000008009c16       0x36 ./Middlewares/Third_Party/FatFs/src/ff.o
 .text.mem_cmp  0x0000000008009c4c       0x4e ./Middlewares/Third_Party/FatFs/src/ff.o
 .text.chk_chr  0x0000000008009c9a       0x36 ./Middlewares/Third_Party/FatFs/src/ff.o
 .text.lock_fs  0x0000000008009cd0       0x2c ./Middlewares/Third_Party/FatFs/src/ff.o
 .text.unlock_fs
                0x0000000008009cfc       0x36 ./Middlewares/Third_Party/FatFs/src/ff.o
 *fill*         0x0000000008009d32        0x2 
 .text.chk_lock
                0x0000000008009d34       0xb8 ./Middlewares/Third_Party/FatFs/src/ff.o
 .text.enq_lock
                0x0000000008009dec       0x44 ./Middlewares/Third_Party/FatFs/src/ff.o
 .text.inc_lock
                0x0000000008009e30      0x11c ./Middlewares/Third_Party/FatFs/src/ff.o
 .text.dec_lock
                0x0000000008009f4c       0x78 ./Middlewares/Third_Party/FatFs/src/ff.o
 .text.clear_lock
                0x0000000008009fc4       0x48 ./Middlewares/Third_Party/FatFs/src/ff.o
 .text.sync_window
                0x000000000800a00c       0x88 ./Middlewares/Third_Party/FatFs/src/ff.o
 .text.move_window
                0x000000000800a094       0x5a ./Middlewares/Third_Party/FatFs/src/ff.o
 *fill*         0x000000000800a0ee        0x2 
 .text.sync_fs  0x000000000800a0f0       0xdc ./Middlewares/Third_Party/FatFs/src/ff.o
 .text.clust2sect
                0x000000000800a1cc       0x3e ./Middlewares/Third_Party/FatFs/src/ff.o
 .text.get_fat  0x000000000800a20a      0x150 ./Middlewares/Third_Party/FatFs/src/ff.o
 .text.put_fat  0x000000000800a35a      0x1d8 ./Middlewares/Third_Party/FatFs/src/ff.o
 .text.remove_chain
                0x000000000800a532       0xca ./Middlewares/Third_Party/FatFs/src/ff.o
 .text.create_chain
                0x000000000800a5fc      0x130 ./Middlewares/Third_Party/FatFs/src/ff.o
 .text.clmt_clust
                0x000000000800a72c       0x68 ./Middlewares/Third_Party/FatFs/src/ff.o
 .text.dir_sdi  0x000000000800a794       0xf6 ./Middlewares/Third_Party/FatFs/src/ff.o
 .text.dir_next
                0x000000000800a88a      0x18a ./Middlewares/Third_Party/FatFs/src/ff.o
 .text.dir_alloc
                0x000000000800aa14       0x8e ./Middlewares/Third_Party/FatFs/src/ff.o
 .text.ld_clust
                0x000000000800aaa2       0x3e ./Middlewares/Third_Party/FatFs/src/ff.o
 .text.st_clust
                0x000000000800aae0       0x40 ./Middlewares/Third_Party/FatFs/src/ff.o
 .text.dir_find
                0x000000000800ab20       0xaa ./Middlewares/Third_Party/FatFs/src/ff.o
 .text.dir_register
                0x000000000800abca       0x64 ./Middlewares/Third_Party/FatFs/src/ff.o
 *fill*         0x000000000800ac2e        0x2 
 .text.create_name
                0x000000000800ac30      0x128 ./Middlewares/Third_Party/FatFs/src/ff.o
 .text.follow_path
                0x000000000800ad58       0xe2 ./Middlewares/Third_Party/FatFs/src/ff.o
 .text.get_ldnumber
                0x000000000800ae3a       0x88 ./Middlewares/Third_Party/FatFs/src/ff.o
 *fill*         0x000000000800aec2        0x2 
 .text.check_fs
                0x000000000800aec4       0xac ./Middlewares/Third_Party/FatFs/src/ff.o
 .text.find_volume
                0x000000000800af70      0x4a8 ./Middlewares/Third_Party/FatFs/src/ff.o
 .text.validate
                0x000000000800b418       0x8e ./Middlewares/Third_Party/FatFs/src/ff.o
 *fill*         0x000000000800b4a6        0x2 
 .text.f_mount  0x000000000800b4a8       0xc8 ./Middlewares/Third_Party/FatFs/src/ff.o
                0x000000000800b4a8                f_mount
 .text.f_open   0x000000000800b570      0x38a ./Middlewares/Third_Party/FatFs/src/ff.o
                0x000000000800b570                f_open
 .text.f_read   0x000000000800b8fa      0x2dc ./Middlewares/Third_Party/FatFs/src/ff.o
                0x000000000800b8fa                f_read
 .text.f_write  0x000000000800bbd6      0x348 ./Middlewares/Third_Party/FatFs/src/ff.o
                0x000000000800bbd6                f_write
 .text.f_sync   0x000000000800bf1e      0x112 ./Middlewares/Third_Party/FatFs/src/ff.o
                0x000000000800bf1e                f_sync
 .text.f_close  0x000000000800c030       0x5e ./Middlewares/Third_Party/FatFs/src/ff.o
                0x000000000800c030                f_close
 .text.f_gets   0x000000000800c08e       0x7a ./Middlewares/Third_Party/FatFs/src/ff.o
                0x000000000800c08e                f_gets
 .text.FATFS_LinkDriverEx
                0x000000000800c108       0x98 ./Middlewares/Third_Party/FatFs/src/ff_gen_drv.o
                0x000000000800c108                FATFS_LinkDriverEx
 .text.FATFS_LinkDriver
                0x000000000800c1a0       0x1e ./Middlewares/Third_Party/FatFs/src/ff_gen_drv.o
                0x000000000800c1a0                FATFS_LinkDriver
 .text.ff_cre_syncobj
                0x000000000800c1be       0x36 ./Middlewares/Third_Party/FatFs/src/option/syscall.o
                0x000000000800c1be                ff_cre_syncobj
 .text.ff_del_syncobj
                0x000000000800c1f4       0x18 ./Middlewares/Third_Party/FatFs/src/option/syscall.o
                0x000000000800c1f4                ff_del_syncobj
 .text.ff_req_grant
                0x000000000800c20c       0x2a ./Middlewares/Third_Party/FatFs/src/option/syscall.o
                0x000000000800c20c                ff_req_grant
 .text.ff_rel_grant
                0x000000000800c236       0x16 ./Middlewares/Third_Party/FatFs/src/option/syscall.o
                0x000000000800c236                ff_rel_grant
 .text.__NVIC_SetPriority
                0x000000000800c24c       0x54 ./Middlewares/Third_Party/FreeRTOS/Source/CMSIS_RTOS_V2/cmsis_os2.o
 .text.SVC_Setup
                0x000000000800c2a0       0x12 ./Middlewares/Third_Party/FreeRTOS/Source/CMSIS_RTOS_V2/cmsis_os2.o
 *fill*         0x000000000800c2b2        0x2 
 .text.osKernelInitialize
                0x000000000800c2b4       0x48 ./Middlewares/Third_Party/FreeRTOS/Source/CMSIS_RTOS_V2/cmsis_os2.o
                0x000000000800c2b4                osKernelInitialize
 .text.osKernelStart
                0x000000000800c2fc       0x4c ./Middlewares/Third_Party/FreeRTOS/Source/CMSIS_RTOS_V2/cmsis_os2.o
                0x000000000800c2fc                osKernelStart
 .text.osThreadNew
                0x000000000800c348      0x124 ./Middlewares/Third_Party/FreeRTOS/Source/CMSIS_RTOS_V2/cmsis_os2.o
                0x000000000800c348                osThreadNew
 .text.osDelay  0x000000000800c46c       0x36 ./Middlewares/Third_Party/FreeRTOS/Source/CMSIS_RTOS_V2/cmsis_os2.o
                0x000000000800c46c                osDelay
 .text.osSemaphoreNew
                0x000000000800c4a2      0x112 ./Middlewares/Third_Party/FreeRTOS/Source/CMSIS_RTOS_V2/cmsis_os2.o
                0x000000000800c4a2                osSemaphoreNew
 .text.osSemaphoreAcquire
                0x000000000800c5b4       0xa4 ./Middlewares/Third_Party/FreeRTOS/Source/CMSIS_RTOS_V2/cmsis_os2.o
                0x000000000800c5b4                osSemaphoreAcquire
 .text.osSemaphoreRelease
                0x000000000800c658       0x88 ./Middlewares/Third_Party/FreeRTOS/Source/CMSIS_RTOS_V2/cmsis_os2.o
                0x000000000800c658                osSemaphoreRelease
 .text.osSemaphoreDelete
                0x000000000800c6e0       0x48 ./Middlewares/Third_Party/FreeRTOS/Source/CMSIS_RTOS_V2/cmsis_os2.o
                0x000000000800c6e0                osSemaphoreDelete
 .text.vApplicationGetIdleTaskMemory
                0x000000000800c728       0x34 ./Middlewares/Third_Party/FreeRTOS/Source/CMSIS_RTOS_V2/cmsis_os2.o
                0x000000000800c728                vApplicationGetIdleTaskMemory
 .text.vApplicationGetTimerTaskMemory
                0x000000000800c75c       0x34 ./Middlewares/Third_Party/FreeRTOS/Source/CMSIS_RTOS_V2/cmsis_os2.o
                0x000000000800c75c                vApplicationGetTimerTaskMemory
 .text.vListInitialise
                0x000000000800c790       0x40 ./Middlewares/Third_Party/FreeRTOS/Source/list.o
                0x000000000800c790                vListInitialise
 .text.vListInitialiseItem
                0x000000000800c7d0       0x1a ./Middlewares/Third_Party/FreeRTOS/Source/list.o
                0x000000000800c7d0                vListInitialiseItem
 .text.vListInsertEnd
                0x000000000800c7ea       0x48 ./Middlewares/Third_Party/FreeRTOS/Source/list.o
                0x000000000800c7ea                vListInsertEnd
 .text.vListInsert
                0x000000000800c832       0x72 ./Middlewares/Third_Party/FreeRTOS/Source/list.o
                0x000000000800c832                vListInsert
 .text.uxListRemove
                0x000000000800c8a4       0x54 ./Middlewares/Third_Party/FreeRTOS/Source/list.o
                0x000000000800c8a4                uxListRemove
 .text.xQueueGenericReset
                0x000000000800c8f8       0xd0 ./Middlewares/Third_Party/FreeRTOS/Source/queue.o
                0x000000000800c8f8                xQueueGenericReset
 .text.xQueueGenericCreateStatic
                0x000000000800c9c8       0xf0 ./Middlewares/Third_Party/FreeRTOS/Source/queue.o
                0x000000000800c9c8                xQueueGenericCreateStatic
 .text.xQueueGenericCreate
                0x000000000800cab8       0x74 ./Middlewares/Third_Party/FreeRTOS/Source/queue.o
                0x000000000800cab8                xQueueGenericCreate
 .text.prvInitialiseNewQueue
                0x000000000800cb2c       0x46 ./Middlewares/Third_Party/FreeRTOS/Source/queue.o
 .text.xQueueCreateCountingSemaphoreStatic
                0x000000000800cb72       0x6e ./Middlewares/Third_Party/FreeRTOS/Source/queue.o
                0x000000000800cb72                xQueueCreateCountingSemaphoreStatic
 .text.xQueueCreateCountingSemaphore
                0x000000000800cbe0       0x66 ./Middlewares/Third_Party/FreeRTOS/Source/queue.o
                0x000000000800cbe0                xQueueCreateCountingSemaphore
 *fill*         0x000000000800cc46        0x2 
 .text.xQueueGenericSend
                0x000000000800cc48      0x1fc ./Middlewares/Third_Party/FreeRTOS/Source/queue.o
                0x000000000800cc48                xQueueGenericSend
 .text.xQueueGenericSendFromISR
                0x000000000800ce44      0x136 ./Middlewares/Third_Party/FreeRTOS/Source/queue.o
                0x000000000800ce44                xQueueGenericSendFromISR
 .text.xQueueGiveFromISR
                0x000000000800cf7a      0x11a ./Middlewares/Third_Party/FreeRTOS/Source/queue.o
                0x000000000800cf7a                xQueueGiveFromISR
 .text.xQueueReceive
                0x000000000800d094      0x1c0 ./Middlewares/Third_Party/FreeRTOS/Source/queue.o
                0x000000000800d094                xQueueReceive
 .text.xQueueSemaphoreTake
                0x000000000800d254      0x218 ./Middlewares/Third_Party/FreeRTOS/Source/queue.o
                0x000000000800d254                xQueueSemaphoreTake
 .text.xQueueReceiveFromISR
                0x000000000800d46c      0x100 ./Middlewares/Third_Party/FreeRTOS/Source/queue.o
                0x000000000800d46c                xQueueReceiveFromISR
 .text.vQueueDelete
                0x000000000800d56c       0x46 ./Middlewares/Third_Party/FreeRTOS/Source/queue.o
                0x000000000800d56c                vQueueDelete
 .text.prvGetDisinheritPriorityAfterTimeout
                0x000000000800d5b2       0x30 ./Middlewares/Third_Party/FreeRTOS/Source/queue.o
 .text.prvCopyDataToQueue
                0x000000000800d5e2       0xd4 ./Middlewares/Third_Party/FreeRTOS/Source/queue.o
 .text.prvCopyDataFromQueue
                0x000000000800d6b6       0x4c ./Middlewares/Third_Party/FreeRTOS/Source/queue.o
 .text.prvUnlockQueue
                0x000000000800d702       0xa4 ./Middlewares/Third_Party/FreeRTOS/Source/queue.o
 .text.prvIsQueueEmpty
                0x000000000800d7a6       0x2c ./Middlewares/Third_Party/FreeRTOS/Source/queue.o
 .text.prvIsQueueFull
                0x000000000800d7d2       0x30 ./Middlewares/Third_Party/FreeRTOS/Source/queue.o
 *fill*         0x000000000800d802        0x2 
 .text.vQueueAddToRegistry
                0x000000000800d804       0x54 ./Middlewares/Third_Party/FreeRTOS/Source/queue.o
                0x000000000800d804                vQueueAddToRegistry
 .text.vQueueUnregisterQueue
                0x000000000800d858       0x54 ./Middlewares/Third_Party/FreeRTOS/Source/queue.o
                0x000000000800d858                vQueueUnregisterQueue
 .text.vQueueWaitForMessageRestricted
                0x000000000800d8ac       0x68 ./Middlewares/Third_Party/FreeRTOS/Source/queue.o
                0x000000000800d8ac                vQueueWaitForMessageRestricted
 .text.xTaskCreateStatic
                0x000000000800d914       0xba ./Middlewares/Third_Party/FreeRTOS/Source/tasks.o
                0x000000000800d914                xTaskCreateStatic
 .text.xTaskCreate
                0x000000000800d9ce       0x8a ./Middlewares/Third_Party/FreeRTOS/Source/tasks.o
                0x000000000800d9ce                xTaskCreate
 .text.prvInitialiseNewTask
                0x000000000800da58      0x11e ./Middlewares/Third_Party/FreeRTOS/Source/tasks.o
 *fill*         0x000000000800db76        0x2 
 .text.prvAddNewTaskToReadyList
                0x000000000800db78       0xe0 ./Middlewares/Third_Party/FreeRTOS/Source/tasks.o
 .text.vTaskDelay
                0x000000000800dc58       0x68 ./Middlewares/Third_Party/FreeRTOS/Source/tasks.o
                0x000000000800dc58                vTaskDelay
 .text.vTaskStartScheduler
                0x000000000800dcc0       0xcc ./Middlewares/Third_Party/FreeRTOS/Source/tasks.o
                0x000000000800dcc0                vTaskStartScheduler
 .text.vTaskSuspendAll
                0x000000000800dd8c       0x1c ./Middlewares/Third_Party/FreeRTOS/Source/tasks.o
                0x000000000800dd8c                vTaskSuspendAll
 .text.xTaskResumeAll
                0x000000000800dda8      0x13c ./Middlewares/Third_Party/FreeRTOS/Source/tasks.o
                0x000000000800dda8                xTaskResumeAll
 .text.xTaskGetTickCount
                0x000000000800dee4       0x20 ./Middlewares/Third_Party/FreeRTOS/Source/tasks.o
                0x000000000800dee4                xTaskGetTickCount
 .text.xTaskIncrementTick
                0x000000000800df04      0x174 ./Middlewares/Third_Party/FreeRTOS/Source/tasks.o
                0x000000000800df04                xTaskIncrementTick
 .text.vTaskSwitchContext
                0x000000000800e078       0xbc ./Middlewares/Third_Party/FreeRTOS/Source/tasks.o
                0x000000000800e078                vTaskSwitchContext
 .text.vTaskPlaceOnEventList
                0x000000000800e134       0x48 ./Middlewares/Third_Party/FreeRTOS/Source/tasks.o
                0x000000000800e134                vTaskPlaceOnEventList
 .text.vTaskPlaceOnEventListRestricted
                0x000000000800e17c       0x58 ./Middlewares/Third_Party/FreeRTOS/Source/tasks.o
                0x000000000800e17c                vTaskPlaceOnEventListRestricted
 .text.xTaskRemoveFromEventList
                0x000000000800e1d4       0xc8 ./Middlewares/Third_Party/FreeRTOS/Source/tasks.o
                0x000000000800e1d4                xTaskRemoveFromEventList
 .text.vTaskInternalSetTimeOutState
                0x000000000800e29c       0x2c ./Middlewares/Third_Party/FreeRTOS/Source/tasks.o
                0x000000000800e29c                vTaskInternalSetTimeOutState
 .text.xTaskCheckForTimeOut
                0x000000000800e2c8       0xc4 ./Middlewares/Third_Party/FreeRTOS/Source/tasks.o
                0x000000000800e2c8                xTaskCheckForTimeOut
 .text.vTaskMissedYield
                0x000000000800e38c       0x18 ./Middlewares/Third_Party/FreeRTOS/Source/tasks.o
                0x000000000800e38c                vTaskMissedYield
 .text.prvIdleTask
                0x000000000800e3a4       0x30 ./Middlewares/Third_Party/FreeRTOS/Source/tasks.o
 .text.prvInitialiseTaskLists
                0x000000000800e3d4       0x80 ./Middlewares/Third_Party/FreeRTOS/Source/tasks.o
 .text.prvCheckTasksWaitingTermination
                0x000000000800e454       0x5c ./Middlewares/Third_Party/FreeRTOS/Source/tasks.o
 .text.prvDeleteTCB
                0x000000000800e4b0       0x5e ./Middlewares/Third_Party/FreeRTOS/Source/tasks.o
 *fill*         0x000000000800e50e        0x2 
 .text.prvResetNextTaskUnblockTime
                0x000000000800e510       0x40 ./Middlewares/Third_Party/FreeRTOS/Source/tasks.o
 .text.xTaskGetSchedulerState
                0x000000000800e550       0x3c ./Middlewares/Third_Party/FreeRTOS/Source/tasks.o
                0x000000000800e550                xTaskGetSchedulerState
 .text.xTaskPriorityInherit
                0x000000000800e58c       0xd0 ./Middlewares/Third_Party/FreeRTOS/Source/tasks.o
                0x000000000800e58c                xTaskPriorityInherit
 .text.xTaskPriorityDisinherit
                0x000000000800e65c       0xdc ./Middlewares/Third_Party/FreeRTOS/Source/tasks.o
                0x000000000800e65c                xTaskPriorityDisinherit
 .text.vTaskPriorityDisinheritAfterTimeout
                0x000000000800e738      0x104 ./Middlewares/Third_Party/FreeRTOS/Source/tasks.o
                0x000000000800e738                vTaskPriorityDisinheritAfterTimeout
 .text.pvTaskIncrementMutexHeldCount
                0x000000000800e83c       0x28 ./Middlewares/Third_Party/FreeRTOS/Source/tasks.o
                0x000000000800e83c                pvTaskIncrementMutexHeldCount
 .text.prvAddCurrentTaskToDelayedList
                0x000000000800e864       0xa8 ./Middlewares/Third_Party/FreeRTOS/Source/tasks.o
 .text.xTimerCreateTimerTask
                0x000000000800e90c       0x90 ./Middlewares/Third_Party/FreeRTOS/Source/timers.o
                0x000000000800e90c                xTimerCreateTimerTask
 .text.xTimerGenericCommand
                0x000000000800e99c       0x9c ./Middlewares/Third_Party/FreeRTOS/Source/timers.o
                0x000000000800e99c                xTimerGenericCommand
 .text.prvProcessExpiredTimer
                0x000000000800ea38       0x98 ./Middlewares/Third_Party/FreeRTOS/Source/timers.o
 .text.prvTimerTask
                0x000000000800ead0       0x24 ./Middlewares/Third_Party/FreeRTOS/Source/timers.o
 .text.prvProcessTimerOrBlockTask
                0x000000000800eaf4       0x9c ./Middlewares/Third_Party/FreeRTOS/Source/timers.o
 .text.prvGetNextExpireTime
                0x000000000800eb90       0x48 ./Middlewares/Third_Party/FreeRTOS/Source/timers.o
 .text.prvSampleTimeNow
                0x000000000800ebd8       0x40 ./Middlewares/Third_Party/FreeRTOS/Source/timers.o
 .text.prvInsertTimerInActiveList
                0x000000000800ec18       0x84 ./Middlewares/Third_Party/FreeRTOS/Source/timers.o
 .text.prvProcessReceivedCommands
                0x000000000800ec9c      0x1c4 ./Middlewares/Third_Party/FreeRTOS/Source/timers.o
 .text.prvSwitchTimerLists
                0x000000000800ee60       0xc8 ./Middlewares/Third_Party/FreeRTOS/Source/timers.o
 .text.prvCheckForValidListAndQueue
                0x000000000800ef28       0x80 ./Middlewares/Third_Party/FreeRTOS/Source/timers.o
 .text.pxPortInitialiseStack
                0x000000000800efa8       0x68 ./Middlewares/Third_Party/FreeRTOS/Source/portable/GCC/ARM_CM4F/port.o
                0x000000000800efa8                pxPortInitialiseStack
 .text.prvTaskExitError
                0x000000000800f010       0x58 ./Middlewares/Third_Party/FreeRTOS/Source/portable/GCC/ARM_CM4F/port.o
 *fill*         0x000000000800f068        0x8 
 .text.SVC_Handler
                0x000000000800f070       0x28 ./Middlewares/Third_Party/FreeRTOS/Source/portable/GCC/ARM_CM4F/port.o
                0x000000000800f070                SVC_Handler
 .text.prvPortStartFirstTask
                0x000000000800f098       0x28 ./Middlewares/Third_Party/FreeRTOS/Source/portable/GCC/ARM_CM4F/port.o
 .text.xPortStartScheduler
                0x000000000800f0c0      0x144 ./Middlewares/Third_Party/FreeRTOS/Source/portable/GCC/ARM_CM4F/port.o
                0x000000000800f0c0                xPortStartScheduler
 .text.vPortEnterCritical
                0x000000000800f204       0x60 ./Middlewares/Third_Party/FreeRTOS/Source/portable/GCC/ARM_CM4F/port.o
                0x000000000800f204                vPortEnterCritical
 .text.vPortExitCritical
                0x000000000800f264       0x54 ./Middlewares/Third_Party/FreeRTOS/Source/portable/GCC/ARM_CM4F/port.o
                0x000000000800f264                vPortExitCritical
 *fill*         0x000000000800f2b8        0x8 
 .text.PendSV_Handler
                0x000000000800f2c0       0x68 ./Middlewares/Third_Party/FreeRTOS/Source/portable/GCC/ARM_CM4F/port.o