10:24:51 **** Incremental Build of configuration Debug for project Project-Temprature ****
make -j8 all 
arm-none-eabi-g++ "../Core/Src/CLI.cpp" -mcpu=cortex-m4 -std=gnu++14 -g3 -DDEBUG -DUSE_HAL_DRIVER -DSTM32L476xx -c -I../Core/Inc -I../Drivers/STM32L4xx_HAL_Driver/Inc -I../Drivers/STM32L4xx_HAL_Driver/Inc/Legacy -I../Drivers/CMSIS/Device/ST/STM32L4xx/Include -I../Drivers/CMSIS/Include -I../Middlewares/Third_Party/FreeRTOS/Source/include -I../Middlewares/Third_Party/FreeRTOS/Source/CMSIS_RTOS_V2 -I../Middlewares/Third_Party/FreeRTOS/Source/portable/GCC/ARM_CM4F -I../FATFS/Target -I../FATFS/App -I../Middlewares/Third_Party/FatFs/src -O0 -ffunction-sections -fdata-sections -fno-exceptions -fno-rtti -fno-use-cxa-atexit -Wall -fstack-usage -MMD -MP -MF"Core/Src/CLI.d" -MT"Core/Src/CLI.o" --specs=nano.specs -mfpu=fpv4-sp-d16 -mfloat-abi=hard -mthumb -o "Core/Src/CLI.o"
arm-none-eabi-g++ "../Core/Src/DHT.cpp" -mcpu=cortex-m4 -std=gnu++14 -g3 -DDEBUG -DUSE_HAL_DRIVER -DSTM32L476xx -c -I../Core/Inc -I../Drivers/STM32L4xx_HAL_Driver/Inc -I../Drivers/STM32L4xx_HAL_Driver/Inc/Legacy -I../Drivers/CMSIS/Device/ST/STM32L4xx/Include -I../Drivers/CMSIS/Include -I../Middlewares/Third_Party/FreeRTOS/Source/include -I../Middlewares/Third_Party/FreeRTOS/Source/CMSIS_RTOS_V2 -I../Middlewares/Third_Party/FreeRTOS/Source/portable/GCC/ARM_CM4F -I../FATFS/Target -I../FATFS/App -I../Middlewares/Third_Party/FatFs/src -O0 -ffunction-sections -fdata-sections -fno-exceptions -fno-rtti -fno-use-cxa-atexit -Wall -fstack-usage -MMD -MP -MF"Core/Src/DHT.d" -MT"Core/Src/DHT.o" --specs=nano.specs -mfpu=fpv4-sp-d16 -mfloat-abi=hard -mthumb -o "Core/Src/DHT.o"
arm-none-eabi-g++ "../Core/Src/MyMain.cpp" -mcpu=cortex-m4 -std=gnu++14 -g3 -DDEBUG -DUSE_HAL_DRIVER -DSTM32L476xx -c -I../Core/Inc -I../Drivers/STM32L4xx_HAL_Driver/Inc -I../Drivers/STM32L4xx_HAL_Driver/Inc/Legacy -I../Drivers/CMSIS/Device/ST/STM32L4xx/Include -I../Drivers/CMSIS/Include -I../Middlewares/Third_Party/FreeRTOS/Source/include -I../Middlewares/Third_Party/FreeRTOS/Source/CMSIS_RTOS_V2 -I../Middlewares/Third_Party/FreeRTOS/Source/portable/GCC/ARM_CM4F -I../FATFS/Target -I../FATFS/App -I../Middlewares/Third_Party/FatFs/src -O0 -ffunction-sections -fdata-sections -fno-exceptions -fno-rtti -fno-use-cxa-atexit -Wall -fstack-usage -MMD -MP -MF"Core/Src/MyMain.d" -MT"Core/Src/MyMain.o" --specs=nano.specs -mfpu=fpv4-sp-d16 -mfloat-abi=hard -mthumb -o "Core/Src/MyMain.o"
../Core/Src/CLI.cpp: In member function 'virtual void PrintLogCmd::doCommand(const char*)':
../Core/Src/CLI.cpp:158:20: warning: ISO C++ forbids converting a string constant to 'char*' [-Wwrite-strings]
  158 |   LogSdCard->print("Log.txt");
      |                    ^~~~~~~~~
../Core/Src/CLI.cpp: In member function 'virtual void ClearLogCmd::doCommand(const char*)':
../Core/Src/CLI.cpp:179:20: warning: ISO C++ forbids converting a string constant to 'char*' [-Wwrite-strings]
  179 |   LogSdCard->clear("Log.txt");
      |                    ^~~~~~~~~
arm-none-eabi-g++ -o "Project-Temprature.elf" @"objects.list"   -mcpu=cortex-m4 -T"C:\Users\anana\Dropbox\PC\Documents\GitHub\TempratureMonitor\Embedded-Project\Project-Temprature\STM32L476RGTX_FLASH.ld" --specs=nosys.specs -Wl,-Map="Project-Temprature.map" -Wl,--gc-sections -static "-u _printf_float" --specs=nano.specs -mfpu=fpv4-sp-d16 -mfloat-abi=hard -mthumb -u _printf_float -Wl,--start-group -lc -lm -lstdc++ -lsupc++ -Wl,--end-group
Finished building target: Project-Temprature.elf
 
arm-none-eabi-size   Project-Temprature.elf 
arm-none-eabi-objdump -h -S  Project-Temprature.elf  > "Project-Temprature.list"
   text	   data	    bss	    dec	    hex	filename
  83020	    564	  14584	  98168	  17f78	Project-Temprature.elf
Finished building: default.size.stdout
 
Finished building: Project-Temprature.list
 
10:25:00 **** Incremental Build of configuration Debug for project Project-Temprature ****
make -j8 all 
arm-none-eabi-size   Project-Temprature.elf 
   text	   data	    bss	    dec	    hex	filename
  83020	    564	  14584	  98168	  17f78	Project-Temprature.elf
Finished building: default.size.stdout
 
